[0.009s] Invoking command in '/home/roger/Github/rogertests2/m4/Act_IDL/build/cpp_add_three_ints': /usr/bin/cmake /home/roger/Github/rogertests2/m4/Act_IDL/src/cpp_add_three_ints -DCATKIN_INSTALL_INTO_PREFIX_ROOT=0 -DCMAKE_INSTALL_PREFIX=/home/roger/Github/rogertests2/m4/Act_IDL/install/cpp_add_three_ints
[0.022s] -- Found ament_cmake: 1.3.12 (/opt/ros/humble/share/ament_cmake/cmake)
[0.157s] -- Found rclcpp: 16.0.17 (/opt/ros/humble/share/rclcpp/cmake)
[0.179s] -- Found rosidl_generator_c: 3.1.8 (/opt/ros/humble/share/rosidl_generator_c/cmake)
[0.180s] -- Found rosidl_adapter: 3.1.8 (/opt/ros/humble/share/rosidl_adapter/cmake)
[0.184s] -- Found rosidl_generator_cpp: 3.1.8 (/opt/ros/humble/share/rosidl_generator_cpp/cmake)
[0.190s] -- Using all available rosidl_typesupport_c: rosidl_typesupport_fastrtps_c;rosidl_typesupport_introspection_c
[0.198s] -- Using all available rosidl_typesupport_cpp: rosidl_typesupport_fastrtps_cpp;rosidl_typesupport_introspection_cpp
[0.220s] -- Found rmw_implementation_cmake: 6.1.2 (/opt/ros/humble/share/rmw_implementation_cmake/cmake)
[0.221s] -- Found rmw_fastrtps_cpp: 6.2.9 (/opt/ros/humble/share/rmw_fastrtps_cpp/cmake)
[0.309s] -- Using RMW implementation 'rmw_fastrtps_cpp' as default
[0.341s] -- Found interfaces: 0.0.0 (/home/roger/Github/rogertests2/m4/Act_IDL/install/interfaces/share/interfaces/cmake)
[0.399s] -- Configuring done
[0.406s] -- Generating done
[0.407s] [33mCMake Warning:
[0.407s]   Manually-specified variables were not used by the project:
[0.407s] 
[0.407s]     CATKIN_INSTALL_INTO_PREFIX_ROOT
[0.407s] 
[0.407s] [0m
[0.409s] -- Build files have been written to: /home/roger/Github/rogertests2/m4/Act_IDL/build/cpp_add_three_ints
[0.415s] Invoked command in '/home/roger/Github/rogertests2/m4/Act_IDL/build/cpp_add_three_ints' returned '0': /usr/bin/cmake /home/roger/Github/rogertests2/m4/Act_IDL/src/cpp_add_three_ints -DCATKIN_INSTALL_INTO_PREFIX_ROOT=0 -DCMAKE_INSTALL_PREFIX=/home/roger/Github/rogertests2/m4/Act_IDL/install/cpp_add_three_ints
[0.417s] Invoking command in '/home/roger/Github/rogertests2/m4/Act_IDL/build/cpp_add_three_ints': /usr/bin/cmake --build /home/roger/Github/rogertests2/m4/Act_IDL/build/cpp_add_three_ints -- -j12 -l12
[0.457s] [35m[1mConsolidate compiler generated dependencies of target cpp_server[0m
[0.459s] [35m[1mConsolidate compiler generated dependencies of target cpp_client[0m
[0.472s] [ 50%] Built target cpp_server
[0.478s] [ 75%] [32mBuilding CXX object CMakeFiles/cpp_client.dir/src/add_three_ints_client.cpp.o[0m
[1.991s] [01m[K/home/roger/Github/rogertests2/m4/Act_IDL/src/cpp_add_three_ints/src/add_three_ints_client.cpp:[m[K In member function ‘[01m[Kvoid AddThreeIntsClient::send_request(int64_t, int64_t, int64_t)[m[K’:
[1.991s] [01m[K/home/roger/Github/rogertests2/m4/Act_IDL/src/cpp_add_three_ints/src/add_three_ints_client.cpp:37:53:[m[K [01;31m[Kerror: [m[Kno matching function for call to ‘[01m[Kspin_until_future_complete(AddThreeIntsClient*, rclcpp::Client<interfaces::srv::AddThreeInts>::FutureAndRequestId&)[m[K’
[1.991s]    37 |     auto result = [01;31m[Krclcpp::spin_until_future_complete(this, future)[m[K;
[1.991s]       |                   [01;31m[K~~~~~~~~~~~~~~~~~~~~~~~~~~~~~~~~~~^~~~~~~~~~~~~~[m[K
[1.991s] In file included from [01m[K/opt/ros/humble/include/rclcpp/rclcpp/rclcpp.hpp:155[m[K,
[1.991s]                  from [01m[K/home/roger/Github/rogertests2/m4/Act_IDL/src/cpp_add_three_ints/src/add_three_ints_client.cpp:6[m[K:
[1.991s] [01m[K/opt/ros/humble/include/rclcpp/rclcpp/executors.hpp:105:1:[m[K [01;36m[Knote: [m[Kcandidate: ‘[01m[Ktemplate<class FutureT, class TimeRepT, class TimeT> rclcpp::FutureReturnCode rclcpp::spin_until_future_complete(rclcpp::node_interfaces::NodeBaseInterface::SharedPtr, const FutureT&, std::chrono::duration<_Rep, _Period>)[m[K’
[1.991s]   105 | [01;36m[Kspin_until_future_complete[m[K(
[1.992s]       | [01;36m[K^~~~~~~~~~~~~~~~~~~~~~~~~~[m[K
[1.992s] [01m[K/opt/ros/humble/include/rclcpp/rclcpp/executors.hpp:105:1:[m[K [01;36m[Knote: [m[K  template argument deduction/substitution failed:
[1.992s] [01m[K/home/roger/Github/rogertests2/m4/Act_IDL/src/cpp_add_three_ints/src/add_three_ints_client.cpp:37:54:[m[K [01;36m[Knote: [m[K  cannot convert ‘[01m[K(AddThreeIntsClient*)this[m[K’ (type ‘[01m[KAddThreeIntsClient*[m[K’) to type ‘[01m[Krclcpp::node_interfaces::NodeBaseInterface::SharedPtr[m[K’ {aka ‘[01m[Kstd::shared_ptr<rclcpp::node_interfaces::NodeBaseInterface>[m[K’}
[1.992s]    37 |     auto result = rclcpp::spin_until_future_complete([01;36m[Kthis[m[K, future);
[1.992s]       |                                                      [01;36m[K^~~~[m[K
[1.992s] In file included from [01m[K/opt/ros/humble/include/rclcpp/rclcpp/rclcpp.hpp:155[m[K,
[1.992s]                  from [01m[K/home/roger/Github/rogertests2/m4/Act_IDL/src/cpp_add_three_ints/src/add_three_ints_client.cpp:6[m[K:
[1.992s] [01m[K/opt/ros/humble/include/rclcpp/rclcpp/executors.hpp:119:1:[m[K [01;36m[Knote: [m[Kcandidate: ‘[01m[Ktemplate<class NodeT, class FutureT, class TimeRepT, class TimeT> rclcpp::FutureReturnCode rclcpp::spin_until_future_complete(std::shared_ptr<_Tp>, const FutureT&, std::chrono::duration<_Rep2, _Period2>)[m[K’
[1.992s]   119 | [01;36m[Kspin_until_future_complete[m[K(
[1.992s]       | [01;36m[K^~~~~~~~~~~~~~~~~~~~~~~~~~[m[K
[1.992s] [01m[K/opt/ros/humble/include/rclcpp/rclcpp/executors.hpp:119:1:[m[K [01;36m[Knote: [m[K  template argument deduction/substitution failed:
[1.993s] [01m[K/home/roger/Github/rogertests2/m4/Act_IDL/src/cpp_add_three_ints/src/add_three_ints_client.cpp:37:53:[m[K [01;36m[Knote: [m[K  mismatched types ‘[01m[Kstd::shared_ptr<_Tp>[m[K’ and ‘[01m[KAddThreeIntsClient*[m[K’
[1.993s]    37 |     auto result = [01;36m[Krclcpp::spin_until_future_complete(this, future)[m[K;
[1.993s]       |                   [01;36m[K~~~~~~~~~~~~~~~~~~~~~~~~~~~~~~~~~~^~~~~~~~~~~~~~[m[K
[2.387s] gmake[2]: *** [CMakeFiles/cpp_client.dir/build.make:76: CMakeFiles/cpp_client.dir/src/add_three_ints_client.cpp.o] Error 1
[2.387s] gmake[1]: *** [CMakeFiles/Makefile2:165: CMakeFiles/cpp_client.dir/all] Error 2
[2.387s] gmake: *** [Makefile:146: all] Error 2
[2.390s] Invoked command in '/home/roger/Github/rogertests2/m4/Act_IDL/build/cpp_add_three_ints' returned '2': /usr/bin/cmake --build /home/roger/Github/rogertests2/m4/Act_IDL/build/cpp_add_three_ints -- -j12 -l12
