[0.655s] Invoking command in '/home/roger/Github/rogertests2/m4/Act_IDL/src/py_add_three_ints': PYTHONPATH=/home/roger/Github/rogertests2/m4/Act_IDL/build/py_add_three_ints/prefix_override:/usr/lib/python3/dist-packages/colcon_core/task/python/colcon_distutils_commands:/home/roger/Github/rogertests2/m4/Act_IDL/install/py_add_three_ints/lib/python3.10/site-packages:${PYTHONPATH} /usr/bin/python3 -W ignore:setup.py install is deprecated -W ignore:easy_install command is deprecated setup.py egg_info --egg-base ../../build/py_add_three_ints build --build-base /home/roger/Github/rogertests2/m4/Act_IDL/build/py_add_three_ints/build install --record /home/roger/Github/rogertests2/m4/Act_IDL/build/py_add_three_ints/install.log --single-version-externally-managed install_data
[0.844s] running egg_info
[0.856s] writing ../../build/py_add_three_ints/py_add_three_ints.egg-info/PKG-INFO
[0.856s] writing dependency_links to ../../build/py_add_three_ints/py_add_three_ints.egg-info/dependency_links.txt
[0.856s] writing entry points to ../../build/py_add_three_ints/py_add_three_ints.egg-info/entry_points.txt
[0.856s] writing requirements to ../../build/py_add_three_ints/py_add_three_ints.egg-info/requires.txt
[0.856s] writing top-level names to ../../build/py_add_three_ints/py_add_three_ints.egg-info/top_level.txt
[0.880s] reading manifest file '../../build/py_add_three_ints/py_add_three_ints.egg-info/SOURCES.txt'
[0.881s] writing manifest file '../../build/py_add_three_ints/py_add_three_ints.egg-info/SOURCES.txt'
[0.881s] running build
[0.882s] running build_py
[0.882s] copying py_add_three_ints/add_three_ints_client.py -> /home/roger/Github/rogertests2/m4/Act_IDL/build/py_add_three_ints/build/lib/py_add_three_ints
[0.882s] copying py_add_three_ints/add_three_ints_server.py -> /home/roger/Github/rogertests2/m4/Act_IDL/build/py_add_three_ints/build/lib/py_add_three_ints
[0.882s] copying py_add_three_ints/__init__.py -> /home/roger/Github/rogertests2/m4/Act_IDL/build/py_add_three_ints/build/lib/py_add_three_ints
[0.882s] running install
[0.885s] running install_lib
[0.897s] running install_data
[0.897s] copying resource/py_add_three_ints -> /home/roger/Github/rogertests2/m4/Act_IDL/install/py_add_three_ints/share/ament_index/resource_index/packages
[0.897s] copying package.xml -> /home/roger/Github/rogertests2/m4/Act_IDL/install/py_add_three_ints/share/py_add_three_ints
[0.898s] running install_egg_info
[0.910s] removing '/home/roger/Github/rogertests2/m4/Act_IDL/install/py_add_three_ints/lib/python3.10/site-packages/py_add_three_ints-0.0.0-py3.10.egg-info' (and everything under it)
[0.910s] Copying ../../build/py_add_three_ints/py_add_three_ints.egg-info to /home/roger/Github/rogertests2/m4/Act_IDL/install/py_add_three_ints/lib/python3.10/site-packages/py_add_three_ints-0.0.0-py3.10.egg-info
[0.910s] running install_scripts
[1.001s] Installing client script to /home/roger/Github/rogertests2/m4/Act_IDL/install/py_add_three_ints/lib/py_add_three_ints
[1.001s] Installing server script to /home/roger/Github/rogertests2/m4/Act_IDL/install/py_add_three_ints/lib/py_add_three_ints
[1.002s] writing list of installed files to '/home/roger/Github/rogertests2/m4/Act_IDL/build/py_add_three_ints/install.log'
