[0.009s] Invoking command in '/home/roger/Github/rogertests2/m4/Act_IDL/build/cpp_add_three_ints': CMAKE_PREFIX_PATH=${CMAKE_PREFIX_PATH}:/home/roger/Github/rogertests2/m4/Act_IDL/install/py_add_three_ints:/opt/ros/humble /usr/bin/cmake /home/roger/Github/rogertests2/m4/Act_IDL/src/cpp_add_three_ints -DCMAKE_INSTALL_PREFIX=/home/roger/Github/rogertests2/m4/Act_IDL/install/cpp_add_three_ints
[0.020s] -- Found ament_cmake: 1.3.12 (/opt/ros/humble/share/ament_cmake/cmake)
[0.121s] -- Found rclcpp: 16.0.17 (/opt/ros/humble/share/rclcpp/cmake)
[0.141s] -- Found rosidl_generator_c: 3.1.8 (/opt/ros/humble/share/rosidl_generator_c/cmake)
[0.143s] -- Found rosidl_adapter: 3.1.8 (/opt/ros/humble/share/rosidl_adapter/cmake)
[0.147s] -- Found rosidl_generator_cpp: 3.1.8 (/opt/ros/humble/share/rosidl_generator_cpp/cmake)
[0.153s] -- Using all available rosidl_typesupport_c: rosidl_typesupport_fastrtps_c;rosidl_typesupport_introspection_c
[0.161s] -- Using all available rosidl_typesupport_cpp: rosidl_typesupport_fastrtps_cpp;rosidl_typesupport_introspection_cpp
[0.181s] -- Found rmw_implementation_cmake: 6.1.2 (/opt/ros/humble/share/rmw_implementation_cmake/cmake)
[0.182s] -- Found rmw_fastrtps_cpp: 6.2.9 (/opt/ros/humble/share/rmw_fastrtps_cpp/cmake)
[0.267s] -- Using RMW implementation 'rmw_fastrtps_cpp' as default
[0.305s] -- Found interfaces: 0.0.0 (/home/roger/Github/rogertests2/m4/Act_IDL/install/interfaces/share/interfaces/cmake)
[0.376s] -- Configuring done
[0.379s] [31mCMake Error at CMakeLists.txt:12 (add_executable):
[0.379s]   Cannot find source file:
[0.379s] 
[0.379s]     src/add_three_ints_server.cpp
[0.379s] 
[0.379s]   Tried extensions .c .C .c++ .cc .cpp .cxx .cu .mpp .m .M .mm .ixx .cppm .h
[0.379s]   .hh .h++ .hm .hpp .hxx .in .txx .f .F .for .f77 .f90 .f95 .f03 .hip .ispc
[0.379s] 
[0.380s] [0m
[0.380s] [31mCMake Error at CMakeLists.txt:15 (add_executable):
[0.380s]   Cannot find source file:
[0.380s] 
[0.380s]     src/add_three_ints_client.cpp
[0.380s] 
[0.380s]   Tried extensions .c .C .c++ .cc .cpp .cxx .cu .mpp .m .M .mm .ixx .cppm .h
[0.380s]   .hh .h++ .hm .hpp .hxx .in .txx .f .F .for .f77 .f90 .f95 .f03 .hip .ispc
[0.380s] 
[0.381s] [0m
[0.381s] [31mCMake Error at CMakeLists.txt:12 (add_executable):
[0.381s]   No SOURCES given to target: cpp_server
[0.381s] 
[0.381s] [0m
[0.381s] [31mCMake Error at CMakeLists.txt:15 (add_executable):
[0.381s]   No SOURCES given to target: cpp_client
[0.381s] 
[0.381s] [0m
[0.381s] [0mCMake Generate step failed.  Build files cannot be regenerated correctly.[0m
[0.389s] Invoked command in '/home/roger/Github/rogertests2/m4/Act_IDL/build/cpp_add_three_ints' returned '1': CMAKE_PREFIX_PATH=${CMAKE_PREFIX_PATH}:/home/roger/Github/rogertests2/m4/Act_IDL/install/py_add_three_ints:/opt/ros/humble /usr/bin/cmake /home/roger/Github/rogertests2/m4/Act_IDL/src/cpp_add_three_ints -DCMAKE_INSTALL_PREFIX=/home/roger/Github/rogertests2/m4/Act_IDL/install/cpp_add_three_ints
