[0.542s] Invoking command in '/home/roger/Github/rogertests2/m4/Act_IDL/src/py_add_three_ints': PYTHONPATH=/home/roger/Github/rogertests2/m4/Act_IDL/build/py_add_three_ints/prefix_override:/usr/lib/python3/dist-packages/colcon_core/task/python/colcon_distutils_commands:/home/roger/Github/rogertests2/m4/Act_IDL/install/py_add_three_ints/lib/python3.10/site-packages:${PYTHONPATH} /usr/bin/python3 -W ignore:setup.py install is deprecated -W ignore:easy_install command is deprecated setup.py egg_info --egg-base ../../build/py_add_three_ints build --build-base /home/roger/Github/rogertests2/m4/Act_IDL/build/py_add_three_ints/build install --record /home/roger/Github/rogertests2/m4/Act_IDL/build/py_add_three_ints/install.log --single-version-externally-managed install_data
[0.714s] running egg_info
[0.725s] writing ../../build/py_add_three_ints/py_add_three_ints.egg-info/PKG-INFO
[0.725s] writing dependency_links to ../../build/py_add_three_ints/py_add_three_ints.egg-info/dependency_links.txt
[0.726s] writing entry points to ../../build/py_add_three_ints/py_add_three_ints.egg-info/entry_points.txt
[0.726s] writing requirements to ../../build/py_add_three_ints/py_add_three_ints.egg-info/requires.txt
[0.726s] writing top-level names to ../../build/py_add_three_ints/py_add_three_ints.egg-info/top_level.txt
[0.749s] reading manifest file '../../build/py_add_three_ints/py_add_three_ints.egg-info/SOURCES.txt'
[0.750s] writing manifest file '../../build/py_add_three_ints/py_add_three_ints.egg-info/SOURCES.txt'
[0.750s] running build
[0.750s] running build_py
[0.750s] copying py_add_three_ints/add_three_ints_client.py -> /home/roger/Github/rogertests2/m4/Act_IDL/build/py_add_three_ints/build/lib/py_add_three_ints
[0.750s] copying py_add_three_ints/add_three_ints_server.py -> /home/roger/Github/rogertests2/m4/Act_IDL/build/py_add_three_ints/build/lib/py_add_three_ints
[0.750s] copying py_add_three_ints/__init__.py -> /home/roger/Github/rogertests2/m4/Act_IDL/build/py_add_three_ints/build/lib/py_add_three_ints
[0.751s] running install
[0.753s] running install_lib
[0.764s] running install_data
[0.765s] copying resource/py_add_three_ints -> /home/roger/Github/rogertests2/m4/Act_IDL/install/py_add_three_ints/share/ament_index/resource_index/packages
[0.765s] copying package.xml -> /home/roger/Github/rogertests2/m4/Act_IDL/install/py_add_three_ints/share/py_add_three_ints
[0.765s] running install_egg_info
[0.777s] removing '/home/roger/Github/rogertests2/m4/Act_IDL/install/py_add_three_ints/lib/python3.10/site-packages/py_add_three_ints-0.0.0-py3.10.egg-info' (and everything under it)
[0.777s] Copying ../../build/py_add_three_ints/py_add_three_ints.egg-info to /home/roger/Github/rogertests2/m4/Act_IDL/install/py_add_three_ints/lib/python3.10/site-packages/py_add_three_ints-0.0.0-py3.10.egg-info
[0.778s] running install_scripts
[0.867s] Installing client script to /home/roger/Github/rogertests2/m4/Act_IDL/install/py_add_three_ints/lib/py_add_three_ints
[0.867s] Installing server script to /home/roger/Github/rogertests2/m4/Act_IDL/install/py_add_three_ints/lib/py_add_three_ints
[0.867s] writing list of installed files to '/home/roger/Github/rogertests2/m4/Act_IDL/build/py_add_three_ints/install.log'
[0.889s] Invoked command in '/home/roger/Github/rogertests2/m4/Act_IDL/src/py_add_three_ints' returned '0': PYTHONPATH=/home/roger/Github/rogertests2/m4/Act_IDL/build/py_add_three_ints/prefix_override:/usr/lib/python3/dist-packages/colcon_core/task/python/colcon_distutils_commands:/home/roger/Github/rogertests2/m4/Act_IDL/install/py_add_three_ints/lib/python3.10/site-packages:${PYTHONPATH} /usr/bin/python3 -W ignore:setup.py install is deprecated -W ignore:easy_install command is deprecated setup.py egg_info --egg-base ../../build/py_add_three_ints build --build-base /home/roger/Github/rogertests2/m4/Act_IDL/build/py_add_three_ints/build install --record /home/roger/Github/rogertests2/m4/Act_IDL/build/py_add_three_ints/install.log --single-version-externally-managed install_data
