[35m[1mConsolidate compiler generated dependencies of target cpp_client[0m
[ 50%] Built target cpp_server
[100%] Built target cpp_client
-- Install configuration: ""
-- Up-to-date: /home/roger/Github/rogertests2/m4/Act_IDL/install/cpp_add_three_ints/lib/cpp_add_three_ints/cpp_server
-- Up-to-date: /home/roger/Github/rogertests2/m4/Act_IDL/install/cpp_add_three_ints/lib/cpp_add_three_ints/cpp_client
-- Up-to-date: /home/roger/Github/rogertests2/m4/Act_IDL/install/cpp_add_three_ints/share/ament_index/resource_index/package_run_dependencies/cpp_add_three_ints
-- Up-to-date: /home/roger/Github/rogertests2/m4/Act_IDL/install/cpp_add_three_ints/share/ament_index/resource_index/parent_prefix_path/cpp_add_three_ints
-- Up-to-date: /home/roger/Github/rogertests2/m4/Act_IDL/install/cpp_add_three_ints/share/cpp_add_three_ints/environment/ament_prefix_path.sh
-- Up-to-date: /home/roger/Github/rogertests2/m4/Act_IDL/install/cpp_add_three_ints/share/cpp_add_three_ints/environment/ament_prefix_path.dsv
-- Up-to-date: /home/roger/Github/rogertests2/m4/Act_IDL/install/cpp_add_three_ints/share/cpp_add_three_ints/environment/path.sh
-- Up-to-date: /home/roger/Github/rogertests2/m4/Act_IDL/install/cpp_add_three_ints/share/cpp_add_three_ints/environment/path.dsv
-- Up-to-date: /home/roger/Github/rogertests2/m4/Act_IDL/install/cpp_add_three_ints/share/cpp_add_three_ints/local_setup.bash
-- Up-to-date: /home/roger/Github/rogertests2/m4/Act_IDL/install/cpp_add_three_ints/share/cpp_add_three_ints/local_setup.sh
-- Up-to-date: /home/roger/Github/rogertests2/m4/Act_IDL/install/cpp_add_three_ints/share/cpp_add_three_ints/local_setup.zsh
-- Up-to-date: /home/roger/Github/rogertests2/m4/Act_IDL/install/cpp_add_three_ints/share/cpp_add_three_ints/local_setup.dsv
-- Installing: /home/roger/Github/rogertests2/m4/Act_IDL/install/cpp_add_three_ints/share/cpp_add_three_ints/package.dsv
-- Up-to-date: /home/roger/Github/rogertests2/m4/Act_IDL/install/cpp_add_three_ints/share/ament_index/resource_index/packages/cpp_add_three_ints
-- Up-to-date: /home/roger/Github/rogertests2/m4/Act_IDL/install/cpp_add_three_ints/share/cpp_add_three_ints/cmake/cpp_add_three_intsConfig.cmake
-- Up-to-date: /home/roger/Github/rogertests2/m4/Act_IDL/install/cpp_add_three_ints/share/cpp_add_three_ints/cmake/cpp_add_three_intsConfig-version.cmake
-- Up-to-date: /home/roger/Github/rogertests2/m4/Act_IDL/install/cpp_add_three_ints/share/cpp_add_three_ints/package.xml
