[0.021s] Invoking command in '/home/roger/Github/rogertests2/m4/Act_IDL/build/interfaces': CMAKE_PREFIX_PATH=${CMAKE_PREFIX_PATH}:/home/roger/Github/rogertests2/m4/Act_IDL/install/py_add_three_ints:/opt/ros/humble /usr/bin/cmake --build /home/roger/Github/rogertests2/m4/Act_IDL/build/interfaces -- -j12 -l12
[0.072s] [  9%] Built target interfaces__rosidl_generator_c
[0.073s] [ 12%] Built target interfaces__cpp
[0.083s] [ 12%] Built target ament_cmake_python_copy_interfaces
[0.088s] [ 22%] Built target interfaces__rosidl_typesupport_fastrtps_cpp
[0.096s] [ 61%] Built target interfaces__rosidl_typesupport_c
[0.096s] [ 61%] Built target interfaces__rosidl_typesupport_cpp
[0.096s] [ 61%] Built target interfaces__rosidl_typesupport_introspection_c
[0.096s] [ 61%] Built target interfaces__rosidl_typesupport_fastrtps_c
[0.098s] [ 70%] Built target interfaces__rosidl_typesupport_introspection_cpp
[0.121s] [ 70%] Built target interfaces
[0.145s] [ 74%] Built target interfaces__py
[0.170s] [ 80%] Built target interfaces__rosidl_generator_py
[0.196s] [ 87%] Built target interfaces__rosidl_typesupport_c__pyext
[0.196s] [100%] Built target interfaces__rosidl_typesupport_introspection_c__pyext
[0.196s] [100%] Built target interfaces__rosidl_typesupport_fastrtps_c__pyext
[0.290s] running egg_info
[0.301s] writing interfaces.egg-info/PKG-INFO
[0.301s] writing dependency_links to interfaces.egg-info/dependency_links.txt
[0.301s] writing top-level names to interfaces.egg-info/top_level.txt
[0.337s] reading manifest file 'interfaces.egg-info/SOURCES.txt'
[0.337s] writing manifest file 'interfaces.egg-info/SOURCES.txt'
[0.361s] [100%] Built target ament_cmake_python_build_interfaces_egg
[0.373s] Invoked command in '/home/roger/Github/rogertests2/m4/Act_IDL/build/interfaces' returned '0': CMAKE_PREFIX_PATH=${CMAKE_PREFIX_PATH}:/home/roger/Github/rogertests2/m4/Act_IDL/install/py_add_three_ints:/opt/ros/humble /usr/bin/cmake --build /home/roger/Github/rogertests2/m4/Act_IDL/build/interfaces -- -j12 -l12
[0.384s] Invoking command in '/home/roger/Github/rogertests2/m4/Act_IDL/build/interfaces': CMAKE_PREFIX_PATH=${CMAKE_PREFIX_PATH}:/home/roger/Github/rogertests2/m4/Act_IDL/install/py_add_three_ints:/opt/ros/humble /usr/bin/cmake --install /home/roger/Github/rogertests2/m4/Act_IDL/build/interfaces
[0.392s] -- Install configuration: ""
[0.392s] -- Up-to-date: /home/roger/Github/rogertests2/m4/Act_IDL/install/interfaces/share/ament_index/resource_index/rosidl_interfaces/interfaces
[0.392s] -- Up-to-date: /home/roger/Github/rogertests2/m4/Act_IDL/install/interfaces/include/interfaces/interfaces
[0.393s] -- Up-to-date: /home/roger/Github/rogertests2/m4/Act_IDL/install/interfaces/include/interfaces/interfaces/srv
[0.393s] -- Up-to-date: /home/roger/Github/rogertests2/m4/Act_IDL/install/interfaces/include/interfaces/interfaces/srv/detail
[0.393s] -- Up-to-date: /home/roger/Github/rogertests2/m4/Act_IDL/install/interfaces/include/interfaces/interfaces/srv/detail/add_three_ints__functions.c
[0.393s] -- Up-to-date: /home/roger/Github/rogertests2/m4/Act_IDL/install/interfaces/include/interfaces/interfaces/srv/detail/add_three_ints__functions.h
[0.393s] -- Up-to-date: /home/roger/Github/rogertests2/m4/Act_IDL/install/interfaces/include/interfaces/interfaces/srv/detail/add_three_ints__struct.h
[0.393s] -- Up-to-date: /home/roger/Github/rogertests2/m4/Act_IDL/install/interfaces/include/interfaces/interfaces/srv/detail/add_three_ints__type_support.h
[0.393s] -- Up-to-date: /home/roger/Github/rogertests2/m4/Act_IDL/install/interfaces/include/interfaces/interfaces/srv/add_three_ints.h
[0.394s] -- Up-to-date: /home/roger/Github/rogertests2/m4/Act_IDL/install/interfaces/include/interfaces/interfaces/msg
[0.394s] -- Up-to-date: /home/roger/Github/rogertests2/m4/Act_IDL/install/interfaces/include/interfaces/interfaces/msg/rosidl_generator_c__visibility_control.h
[0.394s] -- Up-to-date: /home/roger/Github/rogertests2/m4/Act_IDL/install/interfaces/share/interfaces/environment/library_path.sh
[0.394s] -- Up-to-date: /home/roger/Github/rogertests2/m4/Act_IDL/install/interfaces/share/interfaces/environment/library_path.dsv
[0.394s] -- Up-to-date: /home/roger/Github/rogertests2/m4/Act_IDL/install/interfaces/lib/libinterfaces__rosidl_generator_c.so
[0.394s] -- Up-to-date: /home/roger/Github/rogertests2/m4/Act_IDL/install/interfaces/include/interfaces/interfaces
[0.394s] -- Up-to-date: /home/roger/Github/rogertests2/m4/Act_IDL/install/interfaces/include/interfaces/interfaces/srv
[0.394s] -- Up-to-date: /home/roger/Github/rogertests2/m4/Act_IDL/install/interfaces/include/interfaces/interfaces/srv/detail
[0.395s] -- Up-to-date: /home/roger/Github/rogertests2/m4/Act_IDL/install/interfaces/include/interfaces/interfaces/srv/detail/add_three_ints__rosidl_typesupport_fastrtps_c.h
[0.395s] -- Up-to-date: /home/roger/Github/rogertests2/m4/Act_IDL/install/interfaces/include/interfaces/interfaces/msg
[0.395s] -- Up-to-date: /home/roger/Github/rogertests2/m4/Act_IDL/install/interfaces/include/interfaces/interfaces/msg/rosidl_typesupport_fastrtps_c__visibility_control.h
[0.395s] -- Up-to-date: /home/roger/Github/rogertests2/m4/Act_IDL/install/interfaces/lib/libinterfaces__rosidl_typesupport_fastrtps_c.so
[0.395s] -- Up-to-date: /home/roger/Github/rogertests2/m4/Act_IDL/install/interfaces/include/interfaces/interfaces
[0.395s] -- Up-to-date: /home/roger/Github/rogertests2/m4/Act_IDL/install/interfaces/include/interfaces/interfaces/srv
[0.395s] -- Up-to-date: /home/roger/Github/rogertests2/m4/Act_IDL/install/interfaces/include/interfaces/interfaces/srv/detail
[0.395s] -- Up-to-date: /home/roger/Github/rogertests2/m4/Act_IDL/install/interfaces/include/interfaces/interfaces/srv/detail/add_three_ints__type_support.c
[0.395s] -- Up-to-date: /home/roger/Github/rogertests2/m4/Act_IDL/install/interfaces/include/interfaces/interfaces/srv/detail/add_three_ints__rosidl_typesupport_introspection_c.h
[0.395s] -- Up-to-date: /home/roger/Github/rogertests2/m4/Act_IDL/install/interfaces/include/interfaces/interfaces/msg
[0.395s] -- Up-to-date: /home/roger/Github/rogertests2/m4/Act_IDL/install/interfaces/include/interfaces/interfaces/msg/rosidl_typesupport_introspection_c__visibility_control.h
[0.396s] -- Up-to-date: /home/roger/Github/rogertests2/m4/Act_IDL/install/interfaces/lib/libinterfaces__rosidl_typesupport_introspection_c.so
[0.396s] -- Up-to-date: /home/roger/Github/rogertests2/m4/Act_IDL/install/interfaces/lib/libinterfaces__rosidl_typesupport_c.so
[0.396s] -- Up-to-date: /home/roger/Github/rogertests2/m4/Act_IDL/install/interfaces/include/interfaces/interfaces
[0.396s] -- Up-to-date: /home/roger/Github/rogertests2/m4/Act_IDL/install/interfaces/include/interfaces/interfaces/srv
[0.396s] -- Up-to-date: /home/roger/Github/rogertests2/m4/Act_IDL/install/interfaces/include/interfaces/interfaces/srv/add_three_ints.hpp
[0.396s] -- Up-to-date: /home/roger/Github/rogertests2/m4/Act_IDL/install/interfaces/include/interfaces/interfaces/srv/detail
[0.396s] -- Up-to-date: /home/roger/Github/rogertests2/m4/Act_IDL/install/interfaces/include/interfaces/interfaces/srv/detail/add_three_ints__type_support.hpp
[0.396s] -- Up-to-date: /home/roger/Github/rogertests2/m4/Act_IDL/install/interfaces/include/interfaces/interfaces/srv/detail/add_three_ints__traits.hpp
[0.396s] -- Up-to-date: /home/roger/Github/rogertests2/m4/Act_IDL/install/interfaces/include/interfaces/interfaces/srv/detail/add_three_ints__builder.hpp
[0.396s] -- Up-to-date: /home/roger/Github/rogertests2/m4/Act_IDL/install/interfaces/include/interfaces/interfaces/srv/detail/add_three_ints__struct.hpp
[0.396s] -- Up-to-date: /home/roger/Github/rogertests2/m4/Act_IDL/install/interfaces/include/interfaces/interfaces/msg
[0.397s] -- Up-to-date: /home/roger/Github/rogertests2/m4/Act_IDL/install/interfaces/include/interfaces/interfaces/msg/rosidl_generator_cpp__visibility_control.hpp
[0.397s] -- Up-to-date: /home/roger/Github/rogertests2/m4/Act_IDL/install/interfaces/include/interfaces/interfaces
[0.397s] -- Up-to-date: /home/roger/Github/rogertests2/m4/Act_IDL/install/interfaces/include/interfaces/interfaces/srv
[0.397s] -- Up-to-date: /home/roger/Github/rogertests2/m4/Act_IDL/install/interfaces/include/interfaces/interfaces/srv/detail
[0.397s] -- Up-to-date: /home/roger/Github/rogertests2/m4/Act_IDL/install/interfaces/include/interfaces/interfaces/srv/detail/add_three_ints__rosidl_typesupport_fastrtps_cpp.hpp
[0.397s] -- Up-to-date: /home/roger/Github/rogertests2/m4/Act_IDL/install/interfaces/include/interfaces/interfaces/srv/detail/dds_fastrtps
[0.397s] -- Up-to-date: /home/roger/Github/rogertests2/m4/Act_IDL/install/interfaces/include/interfaces/interfaces/msg
[0.397s] -- Up-to-date: /home/roger/Github/rogertests2/m4/Act_IDL/install/interfaces/include/interfaces/interfaces/msg/rosidl_typesupport_fastrtps_cpp__visibility_control.h
[0.397s] -- Up-to-date: /home/roger/Github/rogertests2/m4/Act_IDL/install/interfaces/lib/libinterfaces__rosidl_typesupport_fastrtps_cpp.so
[0.397s] -- Up-to-date: /home/roger/Github/rogertests2/m4/Act_IDL/install/interfaces/include/interfaces/interfaces
[0.397s] -- Up-to-date: /home/roger/Github/rogertests2/m4/Act_IDL/install/interfaces/include/interfaces/interfaces/srv
[0.398s] -- Up-to-date: /home/roger/Github/rogertests2/m4/Act_IDL/install/interfaces/include/interfaces/interfaces/srv/detail
[0.398s] -- Up-to-date: /home/roger/Github/rogertests2/m4/Act_IDL/install/interfaces/include/interfaces/interfaces/srv/detail/add_three_ints__type_support.cpp
[0.398s] -- Up-to-date: /home/roger/Github/rogertests2/m4/Act_IDL/install/interfaces/include/interfaces/interfaces/srv/detail/add_three_ints__rosidl_typesupport_introspection_cpp.hpp
[0.398s] -- Up-to-date: /home/roger/Github/rogertests2/m4/Act_IDL/install/interfaces/lib/libinterfaces__rosidl_typesupport_introspection_cpp.so
[0.398s] -- Up-to-date: /home/roger/Github/rogertests2/m4/Act_IDL/install/interfaces/lib/libinterfaces__rosidl_typesupport_cpp.so
[0.398s] -- Up-to-date: /home/roger/Github/rogertests2/m4/Act_IDL/install/interfaces/share/interfaces/environment/pythonpath.sh
[0.398s] -- Up-to-date: /home/roger/Github/rogertests2/m4/Act_IDL/install/interfaces/share/interfaces/environment/pythonpath.dsv
[0.398s] -- Up-to-date: /home/roger/Github/rogertests2/m4/Act_IDL/install/interfaces/local/lib/python3.10/dist-packages/interfaces-0.0.0-py3.10.egg-info
[0.398s] -- Installing: /home/roger/Github/rogertests2/m4/Act_IDL/install/interfaces/local/lib/python3.10/dist-packages/interfaces-0.0.0-py3.10.egg-info/PKG-INFO
[0.398s] -- Installing: /home/roger/Github/rogertests2/m4/Act_IDL/install/interfaces/local/lib/python3.10/dist-packages/interfaces-0.0.0-py3.10.egg-info/SOURCES.txt
[0.398s] -- Installing: /home/roger/Github/rogertests2/m4/Act_IDL/install/interfaces/local/lib/python3.10/dist-packages/interfaces-0.0.0-py3.10.egg-info/top_level.txt
[0.398s] -- Installing: /home/roger/Github/rogertests2/m4/Act_IDL/install/interfaces/local/lib/python3.10/dist-packages/interfaces-0.0.0-py3.10.egg-info/dependency_links.txt
[0.399s] -- Up-to-date: /home/roger/Github/rogertests2/m4/Act_IDL/install/interfaces/local/lib/python3.10/dist-packages/interfaces
[0.399s] -- Up-to-date: /home/roger/Github/rogertests2/m4/Act_IDL/install/interfaces/local/lib/python3.10/dist-packages/interfaces/interfaces_s__rosidl_typesupport_fastrtps_c.cpython-310-x86_64-linux-gnu.so
[0.399s] -- Up-to-date: /home/roger/Github/rogertests2/m4/Act_IDL/install/interfaces/local/lib/python3.10/dist-packages/interfaces/_interfaces_s.ep.rosidl_typesupport_introspection_c.c
[0.399s] -- Up-to-date: /home/roger/Github/rogertests2/m4/Act_IDL/install/interfaces/local/lib/python3.10/dist-packages/interfaces/srv
[0.399s] -- Up-to-date: /home/roger/Github/rogertests2/m4/Act_IDL/install/interfaces/local/lib/python3.10/dist-packages/interfaces/srv/_add_three_ints.py
[0.399s] -- Up-to-date: /home/roger/Github/rogertests2/m4/Act_IDL/install/interfaces/local/lib/python3.10/dist-packages/interfaces/srv/_add_three_ints_s.c
[0.399s] -- Up-to-date: /home/roger/Github/rogertests2/m4/Act_IDL/install/interfaces/local/lib/python3.10/dist-packages/interfaces/srv/__init__.py
[0.399s] -- Up-to-date: /home/roger/Github/rogertests2/m4/Act_IDL/install/interfaces/local/lib/python3.10/dist-packages/interfaces/_interfaces_s.ep.rosidl_typesupport_fastrtps_c.c
[0.399s] -- Up-to-date: /home/roger/Github/rogertests2/m4/Act_IDL/install/interfaces/local/lib/python3.10/dist-packages/interfaces/__init__.py
[0.399s] -- Up-to-date: /home/roger/Github/rogertests2/m4/Act_IDL/install/interfaces/local/lib/python3.10/dist-packages/interfaces/interfaces_s__rosidl_typesupport_c.cpython-310-x86_64-linux-gnu.so
[0.399s] -- Up-to-date: /home/roger/Github/rogertests2/m4/Act_IDL/install/interfaces/local/lib/python3.10/dist-packages/interfaces/libinterfaces__rosidl_generator_py.so
[0.400s] -- Up-to-date: /home/roger/Github/rogertests2/m4/Act_IDL/install/interfaces/local/lib/python3.10/dist-packages/interfaces/_interfaces_s.ep.rosidl_typesupport_c.c
[0.400s] -- Up-to-date: /home/roger/Github/rogertests2/m4/Act_IDL/install/interfaces/local/lib/python3.10/dist-packages/interfaces/interfaces_s__rosidl_typesupport_introspection_c.cpython-310-x86_64-linux-gnu.so
[0.417s] Listing '/home/roger/Github/rogertests2/m4/Act_IDL/install/interfaces/local/lib/python3.10/dist-packages/interfaces'...
[0.417s] Listing '/home/roger/Github/rogertests2/m4/Act_IDL/install/interfaces/local/lib/python3.10/dist-packages/interfaces/srv'...
[0.420s] -- Up-to-date: /home/roger/Github/rogertests2/m4/Act_IDL/install/interfaces/local/lib/python3.10/dist-packages/interfaces/interfaces_s__rosidl_typesupport_fastrtps_c.cpython-310-x86_64-linux-gnu.so
[0.420s] -- Up-to-date: /home/roger/Github/rogertests2/m4/Act_IDL/install/interfaces/local/lib/python3.10/dist-packages/interfaces/interfaces_s__rosidl_typesupport_introspection_c.cpython-310-x86_64-linux-gnu.so
[0.420s] -- Up-to-date: /home/roger/Github/rogertests2/m4/Act_IDL/install/interfaces/local/lib/python3.10/dist-packages/interfaces/interfaces_s__rosidl_typesupport_c.cpython-310-x86_64-linux-gnu.so
[0.420s] -- Up-to-date: /home/roger/Github/rogertests2/m4/Act_IDL/install/interfaces/lib/libinterfaces__rosidl_generator_py.so
[0.421s] -- Up-to-date: /home/roger/Github/rogertests2/m4/Act_IDL/install/interfaces/share/interfaces/srv/AddThreeInts.idl
[0.421s] -- Up-to-date: /home/roger/Github/rogertests2/m4/Act_IDL/install/interfaces/share/interfaces/srv/AddThreeInts.srv
[0.421s] -- Up-to-date: /home/roger/Github/rogertests2/m4/Act_IDL/install/interfaces/share/interfaces/srv/AddThreeInts_Request.msg
[0.421s] -- Up-to-date: /home/roger/Github/rogertests2/m4/Act_IDL/install/interfaces/share/interfaces/srv/AddThreeInts_Response.msg
[0.421s] -- Up-to-date: /home/roger/Github/rogertests2/m4/Act_IDL/install/interfaces/share/ament_index/resource_index/package_run_dependencies/interfaces
[0.421s] -- Up-to-date: /home/roger/Github/rogertests2/m4/Act_IDL/install/interfaces/share/ament_index/resource_index/parent_prefix_path/interfaces
[0.421s] -- Up-to-date: /home/roger/Github/rogertests2/m4/Act_IDL/install/interfaces/share/interfaces/environment/ament_prefix_path.sh
[0.421s] -- Up-to-date: /home/roger/Github/rogertests2/m4/Act_IDL/install/interfaces/share/interfaces/environment/ament_prefix_path.dsv
[0.421s] -- Up-to-date: /home/roger/Github/rogertests2/m4/Act_IDL/install/interfaces/share/interfaces/environment/path.sh
[0.422s] -- Up-to-date: /home/roger/Github/rogertests2/m4/Act_IDL/install/interfaces/share/interfaces/environment/path.dsv
[0.422s] -- Up-to-date: /home/roger/Github/rogertests2/m4/Act_IDL/install/interfaces/share/interfaces/local_setup.bash
[0.422s] -- Up-to-date: /home/roger/Github/rogertests2/m4/Act_IDL/install/interfaces/share/interfaces/local_setup.sh
[0.422s] -- Up-to-date: /home/roger/Github/rogertests2/m4/Act_IDL/install/interfaces/share/interfaces/local_setup.zsh
[0.422s] -- Up-to-date: /home/roger/Github/rogertests2/m4/Act_IDL/install/interfaces/share/interfaces/local_setup.dsv
[0.422s] -- Installing: /home/roger/Github/rogertests2/m4/Act_IDL/install/interfaces/share/interfaces/package.dsv
[0.422s] -- Up-to-date: /home/roger/Github/rogertests2/m4/Act_IDL/install/interfaces/share/ament_index/resource_index/packages/interfaces
[0.422s] -- Up-to-date: /home/roger/Github/rogertests2/m4/Act_IDL/install/interfaces/share/interfaces/cmake/export_interfaces__rosidl_generator_cExport.cmake
[0.422s] -- Up-to-date: /home/roger/Github/rogertests2/m4/Act_IDL/install/interfaces/share/interfaces/cmake/export_interfaces__rosidl_generator_cExport-noconfig.cmake
[0.423s] -- Up-to-date: /home/roger/Github/rogertests2/m4/Act_IDL/install/interfaces/share/interfaces/cmake/export_interfaces__rosidl_typesupport_fastrtps_cExport.cmake
[0.423s] -- Up-to-date: /home/roger/Github/rogertests2/m4/Act_IDL/install/interfaces/share/interfaces/cmake/export_interfaces__rosidl_typesupport_fastrtps_cExport-noconfig.cmake
[0.423s] -- Up-to-date: /home/roger/Github/rogertests2/m4/Act_IDL/install/interfaces/share/interfaces/cmake/interfaces__rosidl_typesupport_introspection_cExport.cmake
[0.424s] -- Up-to-date: /home/roger/Github/rogertests2/m4/Act_IDL/install/interfaces/share/interfaces/cmake/interfaces__rosidl_typesupport_introspection_cExport-noconfig.cmake
[0.424s] -- Up-to-date: /home/roger/Github/rogertests2/m4/Act_IDL/install/interfaces/share/interfaces/cmake/interfaces__rosidl_typesupport_cExport.cmake
[0.424s] -- Up-to-date: /home/roger/Github/rogertests2/m4/Act_IDL/install/interfaces/share/interfaces/cmake/interfaces__rosidl_typesupport_cExport-noconfig.cmake
[0.424s] -- Up-to-date: /home/roger/Github/rogertests2/m4/Act_IDL/install/interfaces/share/interfaces/cmake/export_interfaces__rosidl_generator_cppExport.cmake
[0.424s] -- Up-to-date: /home/roger/Github/rogertests2/m4/Act_IDL/install/interfaces/share/interfaces/cmake/export_interfaces__rosidl_typesupport_fastrtps_cppExport.cmake
[0.425s] -- Up-to-date: /home/roger/Github/rogertests2/m4/Act_IDL/install/interfaces/share/interfaces/cmake/export_interfaces__rosidl_typesupport_fastrtps_cppExport-noconfig.cmake
[0.425s] -- Up-to-date: /home/roger/Github/rogertests2/m4/Act_IDL/install/interfaces/share/interfaces/cmake/interfaces__rosidl_typesupport_introspection_cppExport.cmake
[0.425s] -- Up-to-date: /home/roger/Github/rogertests2/m4/Act_IDL/install/interfaces/share/interfaces/cmake/interfaces__rosidl_typesupport_introspection_cppExport-noconfig.cmake
[0.425s] -- Up-to-date: /home/roger/Github/rogertests2/m4/Act_IDL/install/interfaces/share/interfaces/cmake/interfaces__rosidl_typesupport_cppExport.cmake
[0.425s] -- Up-to-date: /home/roger/Github/rogertests2/m4/Act_IDL/install/interfaces/share/interfaces/cmake/interfaces__rosidl_typesupport_cppExport-noconfig.cmake
[0.426s] -- Up-to-date: /home/roger/Github/rogertests2/m4/Act_IDL/install/interfaces/share/interfaces/cmake/export_interfaces__rosidl_generator_pyExport.cmake
[0.426s] -- Up-to-date: /home/roger/Github/rogertests2/m4/Act_IDL/install/interfaces/share/interfaces/cmake/export_interfaces__rosidl_generator_pyExport-noconfig.cmake
[0.426s] -- Up-to-date: /home/roger/Github/rogertests2/m4/Act_IDL/install/interfaces/share/interfaces/cmake/rosidl_cmake-extras.cmake
[0.426s] -- Up-to-date: /home/roger/Github/rogertests2/m4/Act_IDL/install/interfaces/share/interfaces/cmake/ament_cmake_export_include_directories-extras.cmake
[0.426s] -- Up-to-date: /home/roger/Github/rogertests2/m4/Act_IDL/install/interfaces/share/interfaces/cmake/ament_cmake_export_libraries-extras.cmake
[0.426s] -- Up-to-date: /home/roger/Github/rogertests2/m4/Act_IDL/install/interfaces/share/interfaces/cmake/ament_cmake_export_targets-extras.cmake
[0.427s] -- Up-to-date: /home/roger/Github/rogertests2/m4/Act_IDL/install/interfaces/share/interfaces/cmake/rosidl_cmake_export_typesupport_targets-extras.cmake
[0.427s] -- Up-to-date: /home/roger/Github/rogertests2/m4/Act_IDL/install/interfaces/share/interfaces/cmake/ament_cmake_export_dependencies-extras.cmake
[0.427s] -- Up-to-date: /home/roger/Github/rogertests2/m4/Act_IDL/install/interfaces/share/interfaces/cmake/rosidl_cmake_export_typesupport_libraries-extras.cmake
[0.427s] -- Up-to-date: /home/roger/Github/rogertests2/m4/Act_IDL/install/interfaces/share/interfaces/cmake/interfacesConfig.cmake
[0.427s] -- Up-to-date: /home/roger/Github/rogertests2/m4/Act_IDL/install/interfaces/share/interfaces/cmake/interfacesConfig-version.cmake
[0.427s] -- Up-to-date: /home/roger/Github/rogertests2/m4/Act_IDL/install/interfaces/share/interfaces/package.xml
[0.428s] Invoked command in '/home/roger/Github/rogertests2/m4/Act_IDL/build/interfaces' returned '0': CMAKE_PREFIX_PATH=${CMAKE_PREFIX_PATH}:/home/roger/Github/rogertests2/m4/Act_IDL/install/py_add_three_ints:/opt/ros/humble /usr/bin/cmake --install /home/roger/Github/rogertests2/m4/Act_IDL/build/interfaces
