[0.008s] Invoking command in '/home/roger/Github/rogertests2/m4/Act_IDL/build/cpp_add_three_ints': CMAKE_PREFIX_PATH=${CMAKE_PREFIX_PATH}:/home/roger/Github/rogertests2/m4/Act_IDL/install/py_add_three_ints:/opt/ros/humble /usr/bin/cmake /home/roger/Github/rogertests2/m4/Act_IDL/src/cpp_add_three_ints -DCMAKE_INSTALL_PREFIX=/home/roger/Github/rogertests2/m4/Act_IDL/install/cpp_add_three_ints
[0.070s] -- The C compiler identification is GNU 11.4.0
[0.127s] -- The CXX compiler identification is GNU 11.4.0
[0.132s] -- Detecting C compiler ABI info
[0.226s] -- Detecting C compiler ABI info - done
[0.231s] -- Check for working C compiler: /usr/bin/cc - skipped
[0.231s] -- Detecting C compile features
[0.232s] -- Detecting C compile features - done
[0.234s] -- Detecting CXX compiler ABI info
[0.328s] -- Detecting CXX compiler ABI info - done
[0.336s] -- Check for working CXX compiler: /usr/bin/c++ - skipped
[0.336s] -- Detecting CXX compile features
[0.337s] -- Detecting CXX compile features - done
[0.340s] -- Found ament_cmake: 1.3.12 (/opt/ros/humble/share/ament_cmake/cmake)
[0.680s] -- Found Python3: /usr/bin/python3 (found version "3.10.12") found components: Interpreter 
[0.784s] -- Found rclcpp: 16.0.17 (/opt/ros/humble/share/rclcpp/cmake)
[0.823s] -- Found rosidl_generator_c: 3.1.8 (/opt/ros/humble/share/rosidl_generator_c/cmake)
[0.827s] -- Found rosidl_adapter: 3.1.8 (/opt/ros/humble/share/rosidl_adapter/cmake)
[0.833s] -- Found rosidl_generator_cpp: 3.1.8 (/opt/ros/humble/share/rosidl_generator_cpp/cmake)
[0.841s] -- Using all available rosidl_typesupport_c: rosidl_typesupport_fastrtps_c;rosidl_typesupport_introspection_c
[0.853s] -- Using all available rosidl_typesupport_cpp: rosidl_typesupport_fastrtps_cpp;rosidl_typesupport_introspection_cpp
[0.897s] -- Found rmw_implementation_cmake: 6.1.2 (/opt/ros/humble/share/rmw_implementation_cmake/cmake)
[0.900s] -- Found rmw_fastrtps_cpp: 6.2.9 (/opt/ros/humble/share/rmw_fastrtps_cpp/cmake)
[1.006s] -- Found OpenSSL: /usr/lib/x86_64-linux-gnu/libcrypto.so (found version "3.0.2")  
[1.042s] -- Found FastRTPS: /opt/ros/humble/include  
[1.082s] -- Using RMW implementation 'rmw_fastrtps_cpp' as default
[1.095s] -- Looking for pthread.h
[1.183s] -- Looking for pthread.h - found
[1.184s] -- Performing Test CMAKE_HAVE_LIBC_PTHREAD
[1.288s] -- Performing Test CMAKE_HAVE_LIBC_PTHREAD - Success
[1.289s] -- Found Threads: TRUE  
[1.347s] -- Found interfaces: 0.0.0 (/home/roger/Github/rogertests2/m4/Act_IDL/install/interfaces/share/interfaces/cmake)
[1.401s] -- Configuring done
[1.403s] [31mCMake Error at CMakeLists.txt:12 (add_executable):
[1.403s]   Cannot find source file:
[1.403s] 
[1.403s]     src/add_three_ints_server.cpp
[1.403s] 
[1.403s]   Tried extensions .c .C .c++ .cc .cpp .cxx .cu .mpp .m .M .mm .ixx .cppm .h
[1.403s]   .hh .h++ .hm .hpp .hxx .in .txx .f .F .for .f77 .f90 .f95 .f03 .hip .ispc
[1.403s] 
[1.404s] [0m
[1.404s] [31mCMake Error at CMakeLists.txt:15 (add_executable):
[1.404s]   Cannot find source file:
[1.404s] 
[1.404s]     src/add_three_ints_client.cpp
[1.404s] 
[1.404s]   Tried extensions .c .C .c++ .cc .cpp .cxx .cu .mpp .m .M .mm .ixx .cppm .h
[1.404s]   .hh .h++ .hm .hpp .hxx .in .txx .f .F .for .f77 .f90 .f95 .f03 .hip .ispc
[1.404s] 
[1.404s] [0m
[1.404s] [31mCMake Error at CMakeLists.txt:12 (add_executable):
[1.404s]   No SOURCES given to target: cpp_server
[1.404s] 
[1.405s] [0m
[1.405s] [31mCMake Error at CMakeLists.txt:15 (add_executable):
[1.405s]   No SOURCES given to target: cpp_client
[1.405s] 
[1.405s] [0m
[1.405s] [0mCMake Generate step failed.  Build files cannot be regenerated correctly.[0m
[1.411s] Invoked command in '/home/roger/Github/rogertests2/m4/Act_IDL/build/cpp_add_three_ints' returned '1': CMAKE_PREFIX_PATH=${CMAKE_PREFIX_PATH}:/home/roger/Github/rogertests2/m4/Act_IDL/install/py_add_three_ints:/opt/ros/humble /usr/bin/cmake /home/roger/Github/rogertests2/m4/Act_IDL/src/cpp_add_three_ints -DCMAKE_INSTALL_PREFIX=/home/roger/Github/rogertests2/m4/Act_IDL/install/cpp_add_three_ints
