[0.077s] [34mcolcon[0m [1;30mDEBUG[0m [32mCommand line arguments: ['/usr/bin/colcon', 'build'][0m
[0.077s] [34mcolcon[0m [1;30mDEBUG[0m [32mParsed command line arguments: Namespace(log_base=None, log_level=None, verb_name='build', build_base='build', install_base='install', merge_install=False, symlink_install=False, test_result_base=None, continue_on_error=False, executor='parallel', parallel_workers=12, event_handlers=None, ignore_user_meta=False, metas=['./colcon.meta'], base_paths=['.'], packages_ignore=None, packages_ignore_regex=None, paths=None, packages_up_to=None, packages_up_to_regex=None, packages_above=None, packages_above_and_dependencies=None, packages_above_depth=None, packages_select_by_dep=None, packages_skip_by_dep=None, packages_skip_up_to=None, packages_select_build_failed=False, packages_skip_build_finished=False, packages_select_test_failures=False, packages_skip_test_passed=False, packages_select=None, packages_skip=None, packages_select_regex=None, packages_skip_regex=None, packages_start=None, packages_end=None, allow_overriding=[], cmake_args=None, cmake_target=None, cmake_target_skip_unavailable=False, cmake_clean_cache=False, cmake_clean_first=False, cmake_force_configure=False, ament_cmake_args=None, catkin_cmake_args=None, catkin_skip_building_tests=False, mixin_files=None, mixin=None, verb_parser=<colcon_mixin.mixin.mixin_argument.MixinArgumentDecorator object at 0x720851f4ae60>, verb_extension=<colcon_core.verb.build.BuildVerb object at 0x720851f4a890>, main=<bound method BuildVerb.main of <colcon_core.verb.build.BuildVerb object at 0x720851f4a890>>, mixin_verb=('build',))[0m
[0.103s] [34mcolcon.colcon_core.package_discovery[0m [1;30mLevel 1[0m discover_packages(colcon_meta) check parameters
[0.103s] [34mcolcon.colcon_core.package_discovery[0m [1;30mLevel 1[0m discover_packages(recursive) check parameters
[0.103s] [34mcolcon.colcon_core.package_discovery[0m [1;30mLevel 1[0m discover_packages(ignore) check parameters
[0.103s] [34mcolcon.colcon_core.package_discovery[0m [1;30mLevel 1[0m discover_packages(path) check parameters
[0.103s] [34mcolcon.colcon_core.package_discovery[0m [1;30mLevel 1[0m discover_packages(colcon_meta) discover
[0.103s] [34mcolcon.colcon_core.package_discovery[0m [1;30mLevel 1[0m discover_packages(recursive) discover
[0.103s] [34mcolcon.colcon_core.package_discovery[0m [1;30mINFO[0m Crawling recursively for packages in '/home/roger/Github/rogertests2/m4/Act_IDL'
[0.103s] [34mcolcon.colcon_core.package_identification[0m [1;30mLevel 1[0m _identify(.) by extensions ['ignore', 'ignore_ament_install']
[0.103s] [34mcolcon.colcon_core.package_identification[0m [1;30mLevel 1[0m _identify(.) by extension 'ignore'
[0.103s] [34mcolcon.colcon_core.package_identification[0m [1;30mLevel 1[0m _identify(.) by extension 'ignore_ament_install'
[0.103s] [34mcolcon.colcon_core.package_identification[0m [1;30mLevel 1[0m _identify(.) by extensions ['colcon_pkg']
[0.103s] [34mcolcon.colcon_core.package_identification[0m [1;30mLevel 1[0m _identify(.) by extension 'colcon_pkg'
[0.103s] [34mcolcon.colcon_core.package_identification[0m [1;30mLevel 1[0m _identify(.) by extensions ['colcon_meta']
[0.103s] [34mcolcon.colcon_core.package_identification[0m [1;30mLevel 1[0m _identify(.) by extension 'colcon_meta'
[0.103s] [34mcolcon.colcon_core.package_identification[0m [1;30mLevel 1[0m _identify(.) by extensions ['ros']
[0.103s] [34mcolcon.colcon_core.package_identification[0m [1;30mLevel 1[0m _identify(.) by extension 'ros'
[0.113s] [34mcolcon.colcon_core.package_identification[0m [1;30mLevel 1[0m _identify(.) by extensions ['cmake', 'python']
[0.113s] [34mcolcon.colcon_core.package_identification[0m [1;30mLevel 1[0m _identify(.) by extension 'cmake'
[0.113s] [34mcolcon.colcon_core.package_identification[0m [1;30mLevel 1[0m _identify(.) by extension 'python'
[0.113s] [34mcolcon.colcon_core.package_identification[0m [1;30mLevel 1[0m _identify(.) by extensions ['python_setup_py']
[0.113s] [34mcolcon.colcon_core.package_identification[0m [1;30mLevel 1[0m _identify(.) by extension 'python_setup_py'
[0.113s] [34mcolcon.colcon_core.package_identification[0m [1;30mLevel 1[0m _identify(build) by extensions ['ignore', 'ignore_ament_install']
[0.113s] [34mcolcon.colcon_core.package_identification[0m [1;30mLevel 1[0m _identify(build) by extension 'ignore'
[0.113s] [34mcolcon.colcon_core.package_identification[0m [1;30mLevel 1[0m _identify(build) ignored
[0.113s] [34mcolcon.colcon_core.package_identification[0m [1;30mLevel 1[0m _identify(install) by extensions ['ignore', 'ignore_ament_install']
[0.113s] [34mcolcon.colcon_core.package_identification[0m [1;30mLevel 1[0m _identify(install) by extension 'ignore'
[0.113s] [34mcolcon.colcon_core.package_identification[0m [1;30mLevel 1[0m _identify(install) ignored
[0.113s] [34mcolcon.colcon_core.package_identification[0m [1;30mLevel 1[0m _identify(log) by extensions ['ignore', 'ignore_ament_install']
[0.113s] [34mcolcon.colcon_core.package_identification[0m [1;30mLevel 1[0m _identify(log) by extension 'ignore'
[0.113s] [34mcolcon.colcon_core.package_identification[0m [1;30mLevel 1[0m _identify(log) ignored
[0.113s] [34mcolcon.colcon_core.package_identification[0m [1;30mLevel 1[0m _identify(src) by extensions ['ignore', 'ignore_ament_install']
[0.113s] [34mcolcon.colcon_core.package_identification[0m [1;30mLevel 1[0m _identify(src) by extension 'ignore'
[0.113s] [34mcolcon.colcon_core.package_identification[0m [1;30mLevel 1[0m _identify(src) by extension 'ignore_ament_install'
[0.113s] [34mcolcon.colcon_core.package_identification[0m [1;30mLevel 1[0m _identify(src) by extensions ['colcon_pkg']
[0.113s] [34mcolcon.colcon_core.package_identification[0m [1;30mLevel 1[0m _identify(src) by extension 'colcon_pkg'
[0.113s] [34mcolcon.colcon_core.package_identification[0m [1;30mLevel 1[0m _identify(src) by extensions ['colcon_meta']
[0.113s] [34mcolcon.colcon_core.package_identification[0m [1;30mLevel 1[0m _identify(src) by extension 'colcon_meta'
[0.114s] [34mcolcon.colcon_core.package_identification[0m [1;30mLevel 1[0m _identify(src) by extensions ['ros']
[0.114s] [34mcolcon.colcon_core.package_identification[0m [1;30mLevel 1[0m _identify(src) by extension 'ros'
[0.114s] [34mcolcon.colcon_core.package_identification[0m [1;30mLevel 1[0m _identify(src) by extensions ['cmake', 'python']
[0.114s] [34mcolcon.colcon_core.package_identification[0m [1;30mLevel 1[0m _identify(src) by extension 'cmake'
[0.114s] [34mcolcon.colcon_core.package_identification[0m [1;30mLevel 1[0m _identify(src) by extension 'python'
[0.114s] [34mcolcon.colcon_core.package_identification[0m [1;30mLevel 1[0m _identify(src) by extensions ['python_setup_py']
[0.114s] [34mcolcon.colcon_core.package_identification[0m [1;30mLevel 1[0m _identify(src) by extension 'python_setup_py'
[0.114s] [34mcolcon.colcon_core.package_identification[0m [1;30mLevel 1[0m _identify(src/cpp_add_three_ints) by extensions ['ignore', 'ignore_ament_install']
[0.114s] [34mcolcon.colcon_core.package_identification[0m [1;30mLevel 1[0m _identify(src/cpp_add_three_ints) by extension 'ignore'
[0.114s] [34mcolcon.colcon_core.package_identification[0m [1;30mLevel 1[0m _identify(src/cpp_add_three_ints) by extension 'ignore_ament_install'
[0.114s] [34mcolcon.colcon_core.package_identification[0m [1;30mLevel 1[0m _identify(src/cpp_add_three_ints) by extensions ['colcon_pkg']
[0.114s] [34mcolcon.colcon_core.package_identification[0m [1;30mLevel 1[0m _identify(src/cpp_add_three_ints) by extension 'colcon_pkg'
[0.114s] [34mcolcon.colcon_core.package_identification[0m [1;30mLevel 1[0m _identify(src/cpp_add_three_ints) by extensions ['colcon_meta']
[0.114s] [34mcolcon.colcon_core.package_identification[0m [1;30mLevel 1[0m _identify(src/cpp_add_three_ints) by extension 'colcon_meta'
[0.114s] [34mcolcon.colcon_core.package_identification[0m [1;30mLevel 1[0m _identify(src/cpp_add_three_ints) by extensions ['ros']
[0.114s] [34mcolcon.colcon_core.package_identification[0m [1;30mLevel 1[0m _identify(src/cpp_add_three_ints) by extension 'ros'
[0.116s] [34mcolcon.colcon_core.package_identification[0m [1;30mDEBUG[0m [32mPackage 'src/cpp_add_three_ints' with type 'ros.catkin' and name 'cpp_add_three_ints'[0m
[0.116s] [34mcolcon.colcon_core.package_identification[0m [1;30mLevel 1[0m _identify(src/interfaces) by extensions ['ignore', 'ignore_ament_install']
[0.116s] [34mcolcon.colcon_core.package_identification[0m [1;30mLevel 1[0m _identify(src/interfaces) by extension 'ignore'
[0.116s] [34mcolcon.colcon_core.package_identification[0m [1;30mLevel 1[0m _identify(src/interfaces) by extension 'ignore_ament_install'
[0.116s] [34mcolcon.colcon_core.package_identification[0m [1;30mLevel 1[0m _identify(src/interfaces) by extensions ['colcon_pkg']
[0.116s] [34mcolcon.colcon_core.package_identification[0m [1;30mLevel 1[0m _identify(src/interfaces) by extension 'colcon_pkg'
[0.116s] [34mcolcon.colcon_core.package_identification[0m [1;30mLevel 1[0m _identify(src/interfaces) by extensions ['colcon_meta']
[0.116s] [34mcolcon.colcon_core.package_identification[0m [1;30mLevel 1[0m _identify(src/interfaces) by extension 'colcon_meta'
[0.116s] [34mcolcon.colcon_core.package_identification[0m [1;30mLevel 1[0m _identify(src/interfaces) by extensions ['ros']
[0.116s] [34mcolcon.colcon_core.package_identification[0m [1;30mLevel 1[0m _identify(src/interfaces) by extension 'ros'
[0.117s] [34mcolcon.colcon_core.package_identification[0m [1;30mDEBUG[0m [32mPackage 'src/interfaces' with type 'ros.ament_cmake' and name 'interfaces'[0m
[0.117s] [34mcolcon.colcon_core.package_identification[0m [1;30mLevel 1[0m _identify(src/py_add_three_ints) by extensions ['ignore', 'ignore_ament_install']
[0.117s] [34mcolcon.colcon_core.package_identification[0m [1;30mLevel 1[0m _identify(src/py_add_three_ints) by extension 'ignore'
[0.117s] [34mcolcon.colcon_core.package_identification[0m [1;30mLevel 1[0m _identify(src/py_add_three_ints) by extension 'ignore_ament_install'
[0.117s] [34mcolcon.colcon_core.package_identification[0m [1;30mLevel 1[0m _identify(src/py_add_three_ints) by extensions ['colcon_pkg']
[0.117s] [34mcolcon.colcon_core.package_identification[0m [1;30mLevel 1[0m _identify(src/py_add_three_ints) by extension 'colcon_pkg'
[0.117s] [34mcolcon.colcon_core.package_identification[0m [1;30mLevel 1[0m _identify(src/py_add_three_ints) by extensions ['colcon_meta']
[0.117s] [34mcolcon.colcon_core.package_identification[0m [1;30mLevel 1[0m _identify(src/py_add_three_ints) by extension 'colcon_meta'
[0.117s] [34mcolcon.colcon_core.package_identification[0m [1;30mLevel 1[0m _identify(src/py_add_three_ints) by extensions ['ros']
[0.117s] [34mcolcon.colcon_core.package_identification[0m [1;30mLevel 1[0m _identify(src/py_add_three_ints) by extension 'ros'
[0.117s] [34mcolcon.colcon_core.package_identification[0m [1;30mDEBUG[0m [32mPackage 'src/py_add_three_ints' with type 'ros.ament_python' and name 'py_add_three_ints'[0m
[0.117s] [34mcolcon.colcon_core.package_discovery[0m [1;30mLevel 1[0m discover_packages(recursive) using defaults
[0.117s] [34mcolcon.colcon_core.package_discovery[0m [1;30mLevel 1[0m discover_packages(ignore) discover
[0.118s] [34mcolcon.colcon_core.package_discovery[0m [1;30mLevel 1[0m discover_packages(ignore) using defaults
[0.118s] [34mcolcon.colcon_core.package_discovery[0m [1;30mLevel 1[0m discover_packages(path) discover
[0.118s] [34mcolcon.colcon_core.package_discovery[0m [1;30mLevel 1[0m discover_packages(path) using defaults
[0.128s] [34mcolcon.colcon_core.package_discovery[0m [1;30mLevel 1[0m discover_packages(prefix_path) check parameters
[0.128s] [34mcolcon.colcon_core.package_discovery[0m [1;30mLevel 1[0m discover_packages(prefix_path) discover
[0.129s] [34mcolcon.colcon_installed_package_information.package_discovery[0m [1;30mDEBUG[0m [32mFound 3 installed packages in /home/roger/Github/rogertests2/m4/Act_IDL/install[0m
[0.130s] [34mcolcon.colcon_installed_package_information.package_discovery[0m [1;30mDEBUG[0m [32mFound 411 installed packages in /opt/ros/humble[0m
[0.131s] [34mcolcon.colcon_core.package_discovery[0m [1;30mLevel 1[0m discover_packages(prefix_path) using defaults
[0.166s] [34mcolcon.colcon_core.verb[0m [1;30mLevel 5[0m set package 'interfaces' build argument 'cmake_args' from command line to 'None'
[0.166s] [34mcolcon.colcon_core.verb[0m [1;30mLevel 5[0m set package 'interfaces' build argument 'cmake_target' from command line to 'None'
[0.166s] [34mcolcon.colcon_core.verb[0m [1;30mLevel 5[0m set package 'interfaces' build argument 'cmake_target_skip_unavailable' from command line to 'False'
[0.166s] [34mcolcon.colcon_core.verb[0m [1;30mLevel 5[0m set package 'interfaces' build argument 'cmake_clean_cache' from command line to 'False'
[0.166s] [34mcolcon.colcon_core.verb[0m [1;30mLevel 5[0m set package 'interfaces' build argument 'cmake_clean_first' from command line to 'False'
[0.166s] [34mcolcon.colcon_core.verb[0m [1;30mLevel 5[0m set package 'interfaces' build argument 'cmake_force_configure' from command line to 'False'
[0.166s] [34mcolcon.colcon_core.verb[0m [1;30mLevel 5[0m set package 'interfaces' build argument 'ament_cmake_args' from command line to 'None'
[0.166s] [34mcolcon.colcon_core.verb[0m [1;30mLevel 5[0m set package 'interfaces' build argument 'catkin_cmake_args' from command line to 'None'
[0.166s] [34mcolcon.colcon_core.verb[0m [1;30mLevel 5[0m set package 'interfaces' build argument 'catkin_skip_building_tests' from command line to 'False'
[0.166s] [34mcolcon.colcon_core.verb[0m [1;30mDEBUG[0m [32mBuilding package 'interfaces' with the following arguments: {'ament_cmake_args': None, 'build_base': '/home/roger/Github/rogertests2/m4/Act_IDL/build/interfaces', 'catkin_cmake_args': None, 'catkin_skip_building_tests': False, 'cmake_args': None, 'cmake_clean_cache': False, 'cmake_clean_first': False, 'cmake_force_configure': False, 'cmake_target': None, 'cmake_target_skip_unavailable': False, 'install_base': '/home/roger/Github/rogertests2/m4/Act_IDL/install/interfaces', 'merge_install': False, 'path': '/home/roger/Github/rogertests2/m4/Act_IDL/src/interfaces', 'symlink_install': False, 'test_result_base': None}[0m
[0.166s] [34mcolcon.colcon_core.verb[0m [1;30mLevel 5[0m set package 'py_add_three_ints' build argument 'cmake_args' from command line to 'None'
[0.166s] [34mcolcon.colcon_core.verb[0m [1;30mLevel 5[0m set package 'py_add_three_ints' build argument 'cmake_target' from command line to 'None'
[0.166s] [34mcolcon.colcon_core.verb[0m [1;30mLevel 5[0m set package 'py_add_three_ints' build argument 'cmake_target_skip_unavailable' from command line to 'False'
[0.166s] [34mcolcon.colcon_core.verb[0m [1;30mLevel 5[0m set package 'py_add_three_ints' build argument 'cmake_clean_cache' from command line to 'False'
[0.166s] [34mcolcon.colcon_core.verb[0m [1;30mLevel 5[0m set package 'py_add_three_ints' build argument 'cmake_clean_first' from command line to 'False'
[0.166s] [34mcolcon.colcon_core.verb[0m [1;30mLevel 5[0m set package 'py_add_three_ints' build argument 'cmake_force_configure' from command line to 'False'
[0.166s] [34mcolcon.colcon_core.verb[0m [1;30mLevel 5[0m set package 'py_add_three_ints' build argument 'ament_cmake_args' from command line to 'None'
[0.166s] [34mcolcon.colcon_core.verb[0m [1;30mLevel 5[0m set package 'py_add_three_ints' build argument 'catkin_cmake_args' from command line to 'None'
[0.166s] [34mcolcon.colcon_core.verb[0m [1;30mLevel 5[0m set package 'py_add_three_ints' build argument 'catkin_skip_building_tests' from command line to 'False'
[0.166s] [34mcolcon.colcon_core.verb[0m [1;30mDEBUG[0m [32mBuilding package 'py_add_three_ints' with the following arguments: {'ament_cmake_args': None, 'build_base': '/home/roger/Github/rogertests2/m4/Act_IDL/build/py_add_three_ints', 'catkin_cmake_args': None, 'catkin_skip_building_tests': False, 'cmake_args': None, 'cmake_clean_cache': False, 'cmake_clean_first': False, 'cmake_force_configure': False, 'cmake_target': None, 'cmake_target_skip_unavailable': False, 'install_base': '/home/roger/Github/rogertests2/m4/Act_IDL/install/py_add_three_ints', 'merge_install': False, 'path': '/home/roger/Github/rogertests2/m4/Act_IDL/src/py_add_three_ints', 'symlink_install': False, 'test_result_base': None}[0m
[0.167s] [34mcolcon.colcon_core.verb[0m [1;30mLevel 5[0m set package 'cpp_add_three_ints' build argument 'cmake_args' from command line to 'None'
[0.167s] [34mcolcon.colcon_core.verb[0m [1;30mLevel 5[0m set package 'cpp_add_three_ints' build argument 'cmake_target' from command line to 'None'
[0.167s] [34mcolcon.colcon_core.verb[0m [1;30mLevel 5[0m set package 'cpp_add_three_ints' build argument 'cmake_target_skip_unavailable' from command line to 'False'
[0.167s] [34mcolcon.colcon_core.verb[0m [1;30mLevel 5[0m set package 'cpp_add_three_ints' build argument 'cmake_clean_cache' from command line to 'False'
[0.167s] [34mcolcon.colcon_core.verb[0m [1;30mLevel 5[0m set package 'cpp_add_three_ints' build argument 'cmake_clean_first' from command line to 'False'
[0.167s] [34mcolcon.colcon_core.verb[0m [1;30mLevel 5[0m set package 'cpp_add_three_ints' build argument 'cmake_force_configure' from command line to 'False'
[0.167s] [34mcolcon.colcon_core.verb[0m [1;30mLevel 5[0m set package 'cpp_add_three_ints' build argument 'ament_cmake_args' from command line to 'None'
[0.167s] [34mcolcon.colcon_core.verb[0m [1;30mLevel 5[0m set package 'cpp_add_three_ints' build argument 'catkin_cmake_args' from command line to 'None'
[0.167s] [34mcolcon.colcon_core.verb[0m [1;30mLevel 5[0m set package 'cpp_add_three_ints' build argument 'catkin_skip_building_tests' from command line to 'False'
[0.167s] [34mcolcon.colcon_core.verb[0m [1;30mDEBUG[0m [32mBuilding package 'cpp_add_three_ints' with the following arguments: {'ament_cmake_args': None, 'build_base': '/home/roger/Github/rogertests2/m4/Act_IDL/build/cpp_add_three_ints', 'catkin_cmake_args': None, 'catkin_skip_building_tests': False, 'cmake_args': None, 'cmake_clean_cache': False, 'cmake_clean_first': False, 'cmake_force_configure': False, 'cmake_target': None, 'cmake_target_skip_unavailable': False, 'install_base': '/home/roger/Github/rogertests2/m4/Act_IDL/install/cpp_add_three_ints', 'merge_install': False, 'path': '/home/roger/Github/rogertests2/m4/Act_IDL/src/cpp_add_three_ints', 'symlink_install': False, 'test_result_base': None}[0m
[0.167s] [34mcolcon.colcon_core.executor[0m [1;30mINFO[0m Executing jobs using 'parallel' executor
[0.168s] [34mcolcon.colcon_parallel_executor.executor.parallel[0m [1;30mDEBUG[0m [32mrun_until_complete[0m
[0.168s] [34mcolcon.colcon_ros.task.ament_cmake.build[0m [1;30mINFO[0m Building ROS package in '/home/roger/Github/rogertests2/m4/Act_IDL/src/interfaces' with build type 'ament_cmake'
[0.168s] [34mcolcon.colcon_cmake.task.cmake.build[0m [1;30mINFO[0m Building CMake package in '/home/roger/Github/rogertests2/m4/Act_IDL/src/interfaces'
[0.169s] [34mcolcon.colcon_core.plugin_system[0m [1;30mINFO[0m Skipping extension 'colcon_core.shell.bat': Not used on non-Windows systems
[0.169s] [34mcolcon.colcon_core.shell[0m [1;30mINFO[0m Skip shell extension 'powershell' for command environment: Not usable outside of PowerShell
[0.170s] [34mcolcon.colcon_core.shell[0m [1;30mDEBUG[0m [32mSkip shell extension 'dsv' for command environment[0m
[0.172s] [34mcolcon.colcon_ros.task.ament_python.build[0m [1;30mINFO[0m Building ROS package in '/home/roger/Github/rogertests2/m4/Act_IDL/src/py_add_three_ints' with build type 'ament_python'
[0.172s] [34mcolcon.colcon_core.shell[0m [1;30mLevel 1[0m create_environment_hook('py_add_three_ints', 'ament_prefix_path')
[0.172s] [34mcolcon.colcon_core.shell[0m [1;30mINFO[0m Creating environment hook '/home/roger/Github/rogertests2/m4/Act_IDL/install/py_add_three_ints/share/py_add_three_ints/hook/ament_prefix_path.ps1'
[0.173s] [34mcolcon.colcon_core.shell[0m [1;30mINFO[0m Creating environment descriptor '/home/roger/Github/rogertests2/m4/Act_IDL/install/py_add_three_ints/share/py_add_three_ints/hook/ament_prefix_path.dsv'
[0.173s] [34mcolcon.colcon_core.shell[0m [1;30mINFO[0m Creating environment hook '/home/roger/Github/rogertests2/m4/Act_IDL/install/py_add_three_ints/share/py_add_three_ints/hook/ament_prefix_path.sh'
[0.173s] [34mcolcon.colcon_core.shell[0m [1;30mINFO[0m Skip shell extension 'powershell' for command environment: Not usable outside of PowerShell
[0.173s] [34mcolcon.colcon_core.shell[0m [1;30mDEBUG[0m [32mSkip shell extension 'dsv' for command environment[0m
[0.178s] [34mcolcon.colcon_core.event_handler.log_command[0m [1;30mDEBUG[0m [32mInvoking command in '/home/roger/Github/rogertests2/m4/Act_IDL/build/interfaces': CMAKE_PREFIX_PATH=${CMAKE_PREFIX_PATH}:/home/roger/Github/rogertests2/m4/Act_IDL/install/py_add_three_ints:/opt/ros/humble /usr/bin/cmake --build /home/roger/Github/rogertests2/m4/Act_IDL/build/interfaces -- -j12 -l12[0m
[0.375s] [34mcolcon.colcon_core.task.python.build[0m [1;30mINFO[0m Building Python package in '/home/roger/Github/rogertests2/m4/Act_IDL/src/py_add_three_ints'
[0.376s] [34mcolcon.colcon_core.shell[0m [1;30mINFO[0m Skip shell extension 'powershell' for command environment: Not usable outside of PowerShell
[0.376s] [34mcolcon.colcon_core.shell[0m [1;30mDEBUG[0m [32mSkip shell extension 'dsv' for command environment[0m
[0.513s] [34mcolcon.colcon_core.event_handler.log_command[0m [1;30mDEBUG[0m [32mInvoked command in '/home/roger/Github/rogertests2/m4/Act_IDL/build/interfaces' returned '0': CMAKE_PREFIX_PATH=${CMAKE_PREFIX_PATH}:/home/roger/Github/rogertests2/m4/Act_IDL/install/py_add_three_ints:/opt/ros/humble /usr/bin/cmake --build /home/roger/Github/rogertests2/m4/Act_IDL/build/interfaces -- -j12 -l12[0m
[0.523s] [34mcolcon.colcon_core.event_handler.log_command[0m [1;30mDEBUG[0m [32mInvoking command in '/home/roger/Github/rogertests2/m4/Act_IDL/build/interfaces': CMAKE_PREFIX_PATH=${CMAKE_PREFIX_PATH}:/home/roger/Github/rogertests2/m4/Act_IDL/install/py_add_three_ints:/opt/ros/humble /usr/bin/cmake --install /home/roger/Github/rogertests2/m4/Act_IDL/build/interfaces[0m
[0.574s] [34mcolcon.colcon_core.environment[0m [1;30mLevel 1[0m create_environment_scripts_only(interfaces)
[0.574s] [34mcolcon.colcon_core.event_handler.log_command[0m [1;30mDEBUG[0m [32mInvoked command in '/home/roger/Github/rogertests2/m4/Act_IDL/build/interfaces' returned '0': CMAKE_PREFIX_PATH=${CMAKE_PREFIX_PATH}:/home/roger/Github/rogertests2/m4/Act_IDL/install/py_add_three_ints:/opt/ros/humble /usr/bin/cmake --install /home/roger/Github/rogertests2/m4/Act_IDL/build/interfaces[0m
[0.577s] [34mcolcon.colcon_core.environment[0m [1;30mLevel 1[0m checking '/home/roger/Github/rogertests2/m4/Act_IDL/install/interfaces' for CMake module files
[0.578s] [34mcolcon.colcon_core.environment[0m [1;30mLevel 1[0m checking '/home/roger/Github/rogertests2/m4/Act_IDL/install/interfaces' for CMake config files
[0.578s] [34mcolcon.colcon_core.shell[0m [1;30mLevel 1[0m create_environment_hook('interfaces', 'cmake_prefix_path')
[0.579s] [34mcolcon.colcon_core.shell[0m [1;30mINFO[0m Creating environment hook '/home/roger/Github/rogertests2/m4/Act_IDL/install/interfaces/share/interfaces/hook/cmake_prefix_path.ps1'
[0.579s] [34mcolcon.colcon_core.shell[0m [1;30mINFO[0m Creating environment descriptor '/home/roger/Github/rogertests2/m4/Act_IDL/install/interfaces/share/interfaces/hook/cmake_prefix_path.dsv'
[0.580s] [34mcolcon.colcon_core.shell[0m [1;30mINFO[0m Creating environment hook '/home/roger/Github/rogertests2/m4/Act_IDL/install/interfaces/share/interfaces/hook/cmake_prefix_path.sh'
[0.581s] [34mcolcon.colcon_core.environment[0m [1;30mLevel 1[0m checking '/home/roger/Github/rogertests2/m4/Act_IDL/install/interfaces/lib'
[0.581s] [34mcolcon.colcon_core.shell[0m [1;30mLevel 1[0m create_environment_hook('interfaces', 'ld_library_path_lib')
[0.581s] [34mcolcon.colcon_core.shell[0m [1;30mINFO[0m Creating environment hook '/home/roger/Github/rogertests2/m4/Act_IDL/install/interfaces/share/interfaces/hook/ld_library_path_lib.ps1'
[0.582s] [34mcolcon.colcon_core.shell[0m [1;30mINFO[0m Creating environment descriptor '/home/roger/Github/rogertests2/m4/Act_IDL/install/interfaces/share/interfaces/hook/ld_library_path_lib.dsv'
[0.582s] [34mcolcon.colcon_core.shell[0m [1;30mINFO[0m Creating environment hook '/home/roger/Github/rogertests2/m4/Act_IDL/install/interfaces/share/interfaces/hook/ld_library_path_lib.sh'
[0.583s] [34mcolcon.colcon_core.environment[0m [1;30mLevel 1[0m checking '/home/roger/Github/rogertests2/m4/Act_IDL/install/interfaces/bin'
[0.583s] [34mcolcon.colcon_core.environment[0m [1;30mLevel 1[0m checking '/home/roger/Github/rogertests2/m4/Act_IDL/install/interfaces/lib/pkgconfig/interfaces.pc'
[0.583s] [34mcolcon.colcon_core.environment[0m [1;30mLevel 1[0m checking '/home/roger/Github/rogertests2/m4/Act_IDL/install/interfaces/lib/python3.10/site-packages'
[0.583s] [34mcolcon.colcon_core.environment[0m [1;30mLevel 1[0m checking '/home/roger/Github/rogertests2/m4/Act_IDL/install/interfaces/bin'
[0.584s] [34mcolcon.colcon_core.shell[0m [1;30mINFO[0m Creating package script '/home/roger/Github/rogertests2/m4/Act_IDL/install/interfaces/share/interfaces/package.ps1'
[0.584s] [34mcolcon.colcon_core.shell[0m [1;30mINFO[0m Creating package descriptor '/home/roger/Github/rogertests2/m4/Act_IDL/install/interfaces/share/interfaces/package.dsv'
[0.584s] [34mcolcon.colcon_core.shell[0m [1;30mINFO[0m Creating package script '/home/roger/Github/rogertests2/m4/Act_IDL/install/interfaces/share/interfaces/package.sh'
[0.585s] [34mcolcon.colcon_core.shell[0m [1;30mINFO[0m Creating package script '/home/roger/Github/rogertests2/m4/Act_IDL/install/interfaces/share/interfaces/package.bash'
[0.585s] [34mcolcon.colcon_core.shell[0m [1;30mINFO[0m Creating package script '/home/roger/Github/rogertests2/m4/Act_IDL/install/interfaces/share/interfaces/package.zsh'
[0.586s] [34mcolcon.colcon_core.environment[0m [1;30mLevel 1[0m create_file_with_runtime_dependencies(/home/roger/Github/rogertests2/m4/Act_IDL/install/interfaces/share/colcon-core/packages/interfaces)
[0.586s] [34mcolcon.colcon_core.environment[0m [1;30mLevel 1[0m create_environment_scripts_only(interfaces)
[0.586s] [34mcolcon.colcon_core.environment[0m [1;30mLevel 1[0m checking '/home/roger/Github/rogertests2/m4/Act_IDL/install/interfaces' for CMake module files
[0.587s] [34mcolcon.colcon_core.environment[0m [1;30mLevel 1[0m checking '/home/roger/Github/rogertests2/m4/Act_IDL/install/interfaces' for CMake config files
[0.587s] [34mcolcon.colcon_core.shell[0m [1;30mLevel 1[0m create_environment_hook('interfaces', 'cmake_prefix_path')
[0.587s] [34mcolcon.colcon_core.shell[0m [1;30mINFO[0m Creating environment hook '/home/roger/Github/rogertests2/m4/Act_IDL/install/interfaces/share/interfaces/hook/cmake_prefix_path.ps1'
[0.587s] [34mcolcon.colcon_core.shell[0m [1;30mINFO[0m Creating environment descriptor '/home/roger/Github/rogertests2/m4/Act_IDL/install/interfaces/share/interfaces/hook/cmake_prefix_path.dsv'
[0.588s] [34mcolcon.colcon_core.shell[0m [1;30mINFO[0m Creating environment hook '/home/roger/Github/rogertests2/m4/Act_IDL/install/interfaces/share/interfaces/hook/cmake_prefix_path.sh'
[0.588s] [34mcolcon.colcon_core.environment[0m [1;30mLevel 1[0m checking '/home/roger/Github/rogertests2/m4/Act_IDL/install/interfaces/lib'
[0.588s] [34mcolcon.colcon_core.shell[0m [1;30mLevel 1[0m create_environment_hook('interfaces', 'ld_library_path_lib')
[0.588s] [34mcolcon.colcon_core.shell[0m [1;30mINFO[0m Creating environment hook '/home/roger/Github/rogertests2/m4/Act_IDL/install/interfaces/share/interfaces/hook/ld_library_path_lib.ps1'
[0.588s] [34mcolcon.colcon_core.shell[0m [1;30mINFO[0m Creating environment descriptor '/home/roger/Github/rogertests2/m4/Act_IDL/install/interfaces/share/interfaces/hook/ld_library_path_lib.dsv'
[0.588s] [34mcolcon.colcon_core.shell[0m [1;30mINFO[0m Creating environment hook '/home/roger/Github/rogertests2/m4/Act_IDL/install/interfaces/share/interfaces/hook/ld_library_path_lib.sh'
[0.589s] [34mcolcon.colcon_core.environment[0m [1;30mLevel 1[0m checking '/home/roger/Github/rogertests2/m4/Act_IDL/install/interfaces/bin'
[0.589s] [34mcolcon.colcon_core.environment[0m [1;30mLevel 1[0m checking '/home/roger/Github/rogertests2/m4/Act_IDL/install/interfaces/lib/pkgconfig/interfaces.pc'
[0.589s] [34mcolcon.colcon_core.environment[0m [1;30mLevel 1[0m checking '/home/roger/Github/rogertests2/m4/Act_IDL/install/interfaces/lib/python3.10/site-packages'
[0.589s] [34mcolcon.colcon_core.environment[0m [1;30mLevel 1[0m checking '/home/roger/Github/rogertests2/m4/Act_IDL/install/interfaces/bin'
[0.589s] [34mcolcon.colcon_core.shell[0m [1;30mINFO[0m Creating package script '/home/roger/Github/rogertests2/m4/Act_IDL/install/interfaces/share/interfaces/package.ps1'
[0.590s] [34mcolcon.colcon_core.shell[0m [1;30mINFO[0m Creating package descriptor '/home/roger/Github/rogertests2/m4/Act_IDL/install/interfaces/share/interfaces/package.dsv'
[0.590s] [34mcolcon.colcon_core.shell[0m [1;30mINFO[0m Creating package script '/home/roger/Github/rogertests2/m4/Act_IDL/install/interfaces/share/interfaces/package.sh'
[0.590s] [34mcolcon.colcon_core.shell[0m [1;30mINFO[0m Creating package script '/home/roger/Github/rogertests2/m4/Act_IDL/install/interfaces/share/interfaces/package.bash'
[0.590s] [34mcolcon.colcon_core.shell[0m [1;30mINFO[0m Creating package script '/home/roger/Github/rogertests2/m4/Act_IDL/install/interfaces/share/interfaces/package.zsh'
[0.591s] [34mcolcon.colcon_core.environment[0m [1;30mLevel 1[0m create_file_with_runtime_dependencies(/home/roger/Github/rogertests2/m4/Act_IDL/install/interfaces/share/colcon-core/packages/interfaces)
[0.591s] [34mcolcon.colcon_ros.task.catkin.build[0m [1;30mINFO[0m Building ROS package in '/home/roger/Github/rogertests2/m4/Act_IDL/src/cpp_add_three_ints' with build type 'catkin'
[0.591s] [34mcolcon.colcon_cmake.task.cmake.build[0m [1;30mINFO[0m Building CMake package in '/home/roger/Github/rogertests2/m4/Act_IDL/src/cpp_add_three_ints'
[0.591s] [34mcolcon.colcon_core.shell[0m [1;30mINFO[0m Skip shell extension 'powershell' for command environment: Not usable outside of PowerShell
[0.591s] [34mcolcon.colcon_core.shell[0m [1;30mDEBUG[0m [32mSkip shell extension 'dsv' for command environment[0m
[0.602s] [34mcolcon.colcon_core.event_handler.log_command[0m [1;30mDEBUG[0m [32mInvoking command in '/home/roger/Github/rogertests2/m4/Act_IDL/build/cpp_add_three_ints': /usr/bin/cmake --build /home/roger/Github/rogertests2/m4/Act_IDL/build/cpp_add_three_ints -- -j12 -l12[0m
[0.743s] [34mcolcon.colcon_core.event_handler.log_command[0m [1;30mDEBUG[0m [32mInvoking command in '/home/roger/Github/rogertests2/m4/Act_IDL/src/py_add_three_ints': PYTHONPATH=/home/roger/Github/rogertests2/m4/Act_IDL/build/py_add_three_ints/prefix_override:/usr/lib/python3/dist-packages/colcon_core/task/python/colcon_distutils_commands:/home/roger/Github/rogertests2/m4/Act_IDL/install/py_add_three_ints/lib/python3.10/site-packages:${PYTHONPATH} /usr/bin/python3 -W ignore:setup.py install is deprecated -W ignore:easy_install command is deprecated setup.py egg_info --egg-base ../../build/py_add_three_ints build --build-base /home/roger/Github/rogertests2/m4/Act_IDL/build/py_add_three_ints/build install --record /home/roger/Github/rogertests2/m4/Act_IDL/build/py_add_three_ints/install.log --single-version-externally-managed install_data[0m
[1.111s] [34mcolcon.colcon_core.environment[0m [1;30mLevel 1[0m checking '/home/roger/Github/rogertests2/m4/Act_IDL/install/py_add_three_ints' for CMake module files
[1.112s] [34mcolcon.colcon_core.event_handler.log_command[0m [1;30mDEBUG[0m [32mInvoked command in '/home/roger/Github/rogertests2/m4/Act_IDL/src/py_add_three_ints' returned '0': PYTHONPATH=/home/roger/Github/rogertests2/m4/Act_IDL/build/py_add_three_ints/prefix_override:/usr/lib/python3/dist-packages/colcon_core/task/python/colcon_distutils_commands:/home/roger/Github/rogertests2/m4/Act_IDL/install/py_add_three_ints/lib/python3.10/site-packages:${PYTHONPATH} /usr/bin/python3 -W ignore:setup.py install is deprecated -W ignore:easy_install command is deprecated setup.py egg_info --egg-base ../../build/py_add_three_ints build --build-base /home/roger/Github/rogertests2/m4/Act_IDL/build/py_add_three_ints/build install --record /home/roger/Github/rogertests2/m4/Act_IDL/build/py_add_three_ints/install.log --single-version-externally-managed install_data[0m
[1.112s] [34mcolcon.colcon_core.environment[0m [1;30mLevel 1[0m checking '/home/roger/Github/rogertests2/m4/Act_IDL/install/py_add_three_ints' for CMake config files
[1.113s] [34mcolcon.colcon_core.environment[0m [1;30mLevel 1[0m checking '/home/roger/Github/rogertests2/m4/Act_IDL/install/py_add_three_ints/lib'
[1.113s] [34mcolcon.colcon_core.environment[0m [1;30mLevel 1[0m checking '/home/roger/Github/rogertests2/m4/Act_IDL/install/py_add_three_ints/bin'
[1.113s] [34mcolcon.colcon_core.environment[0m [1;30mLevel 1[0m checking '/home/roger/Github/rogertests2/m4/Act_IDL/install/py_add_three_ints/lib/pkgconfig/py_add_three_ints.pc'
[1.114s] [34mcolcon.colcon_core.environment[0m [1;30mLevel 1[0m checking '/home/roger/Github/rogertests2/m4/Act_IDL/install/py_add_three_ints/lib/python3.10/site-packages'
[1.114s] [34mcolcon.colcon_core.shell[0m [1;30mLevel 1[0m create_environment_hook('py_add_three_ints', 'pythonpath')
[1.114s] [34mcolcon.colcon_core.shell[0m [1;30mINFO[0m Creating environment hook '/home/roger/Github/rogertests2/m4/Act_IDL/install/py_add_three_ints/share/py_add_three_ints/hook/pythonpath.ps1'
[1.115s] [34mcolcon.colcon_core.shell[0m [1;30mINFO[0m Creating environment descriptor '/home/roger/Github/rogertests2/m4/Act_IDL/install/py_add_three_ints/share/py_add_three_ints/hook/pythonpath.dsv'
[1.115s] [34mcolcon.colcon_core.shell[0m [1;30mINFO[0m Creating environment hook '/home/roger/Github/rogertests2/m4/Act_IDL/install/py_add_three_ints/share/py_add_three_ints/hook/pythonpath.sh'
[1.116s] [34mcolcon.colcon_core.environment[0m [1;30mLevel 1[0m checking '/home/roger/Github/rogertests2/m4/Act_IDL/install/py_add_three_ints/bin'
[1.116s] [34mcolcon.colcon_core.environment[0m [1;30mLevel 1[0m create_environment_scripts_only(py_add_three_ints)
[1.117s] [34mcolcon.colcon_core.shell[0m [1;30mINFO[0m Creating package script '/home/roger/Github/rogertests2/m4/Act_IDL/install/py_add_three_ints/share/py_add_three_ints/package.ps1'
[1.117s] [34mcolcon.colcon_core.shell[0m [1;30mINFO[0m Creating package descriptor '/home/roger/Github/rogertests2/m4/Act_IDL/install/py_add_three_ints/share/py_add_three_ints/package.dsv'
[1.118s] [34mcolcon.colcon_core.shell[0m [1;30mINFO[0m Creating package script '/home/roger/Github/rogertests2/m4/Act_IDL/install/py_add_three_ints/share/py_add_three_ints/package.sh'
[1.118s] [34mcolcon.colcon_core.shell[0m [1;30mINFO[0m Creating package script '/home/roger/Github/rogertests2/m4/Act_IDL/install/py_add_three_ints/share/py_add_three_ints/package.bash'
[1.119s] [34mcolcon.colcon_core.shell[0m [1;30mINFO[0m Creating package script '/home/roger/Github/rogertests2/m4/Act_IDL/install/py_add_three_ints/share/py_add_three_ints/package.zsh'
[1.119s] [34mcolcon.colcon_core.environment[0m [1;30mLevel 1[0m create_file_with_runtime_dependencies(/home/roger/Github/rogertests2/m4/Act_IDL/install/py_add_three_ints/share/colcon-core/packages/py_add_three_ints)
[3.117s] [34mcolcon.colcon_core.event_handler.log_command[0m [1;30mDEBUG[0m [32mInvoked command in '/home/roger/Github/rogertests2/m4/Act_IDL/build/cpp_add_three_ints' returned '0': /usr/bin/cmake --build /home/roger/Github/rogertests2/m4/Act_IDL/build/cpp_add_three_ints -- -j12 -l12[0m
[3.120s] [34mcolcon.colcon_core.event_handler.log_command[0m [1;30mDEBUG[0m [32mInvoking command in '/home/roger/Github/rogertests2/m4/Act_IDL/build/cpp_add_three_ints': /usr/bin/cmake --install /home/roger/Github/rogertests2/m4/Act_IDL/build/cpp_add_three_ints[0m
[3.140s] [34mcolcon.colcon_core.event_handler.log_command[0m [1;30mDEBUG[0m [32mInvoked command in '/home/roger/Github/rogertests2/m4/Act_IDL/build/cpp_add_three_ints' returned '0': /usr/bin/cmake --install /home/roger/Github/rogertests2/m4/Act_IDL/build/cpp_add_three_ints[0m
[3.141s] [34mcolcon.colcon_core.shell[0m [1;30mLevel 1[0m create_environment_hook('cpp_add_three_ints', 'ros_package_path')
[3.141s] [34mcolcon.colcon_core.shell[0m [1;30mINFO[0m Creating environment hook '/home/roger/Github/rogertests2/m4/Act_IDL/install/cpp_add_three_ints/share/cpp_add_three_ints/hook/ros_package_path.ps1'
[3.142s] [34mcolcon.colcon_core.shell[0m [1;30mINFO[0m Creating environment descriptor '/home/roger/Github/rogertests2/m4/Act_IDL/install/cpp_add_three_ints/share/cpp_add_three_ints/hook/ros_package_path.dsv'
[3.143s] [34mcolcon.colcon_core.shell[0m [1;30mINFO[0m Creating environment hook '/home/roger/Github/rogertests2/m4/Act_IDL/install/cpp_add_three_ints/share/cpp_add_three_ints/hook/ros_package_path.sh'
[3.144s] [34mcolcon.colcon_core.shell[0m [1;30mLevel 1[0m create_environment_hook('cpp_add_three_ints', 'pkg_config_path')
[3.144s] [34mcolcon.colcon_core.shell[0m [1;30mINFO[0m Creating environment hook '/home/roger/Github/rogertests2/m4/Act_IDL/install/cpp_add_three_ints/share/cpp_add_three_ints/hook/pkg_config_path.ps1'
[3.145s] [34mcolcon.colcon_core.shell[0m [1;30mINFO[0m Creating environment descriptor '/home/roger/Github/rogertests2/m4/Act_IDL/install/cpp_add_three_ints/share/cpp_add_three_ints/hook/pkg_config_path.dsv'
[3.145s] [34mcolcon.colcon_core.shell[0m [1;30mINFO[0m Creating environment hook '/home/roger/Github/rogertests2/m4/Act_IDL/install/cpp_add_three_ints/share/cpp_add_three_ints/hook/pkg_config_path.sh'
[3.148s] [34mcolcon.colcon_core.shell[0m [1;30mLevel 1[0m create_environment_hook('cpp_add_three_ints', 'pkg_config_path_multiarch')
[3.148s] [34mcolcon.colcon_core.shell[0m [1;30mINFO[0m Creating environment hook '/home/roger/Github/rogertests2/m4/Act_IDL/install/cpp_add_three_ints/share/cpp_add_three_ints/hook/pkg_config_path_multiarch.ps1'
[3.149s] [34mcolcon.colcon_core.shell[0m [1;30mINFO[0m Creating environment descriptor '/home/roger/Github/rogertests2/m4/Act_IDL/install/cpp_add_three_ints/share/cpp_add_three_ints/hook/pkg_config_path_multiarch.dsv'
[3.150s] [34mcolcon.colcon_core.shell[0m [1;30mINFO[0m Creating environment hook '/home/roger/Github/rogertests2/m4/Act_IDL/install/cpp_add_three_ints/share/cpp_add_three_ints/hook/pkg_config_path_multiarch.sh'
[3.152s] [34mcolcon.colcon_core.environment[0m [1;30mLevel 1[0m create_environment_scripts_only(cpp_add_three_ints)
[3.152s] [34mcolcon.colcon_core.environment[0m [1;30mLevel 1[0m checking '/home/roger/Github/rogertests2/m4/Act_IDL/install/cpp_add_three_ints' for CMake module files
[3.153s] [34mcolcon.colcon_core.environment[0m [1;30mLevel 1[0m checking '/home/roger/Github/rogertests2/m4/Act_IDL/install/cpp_add_three_ints' for CMake config files
[3.153s] [34mcolcon.colcon_core.shell[0m [1;30mLevel 1[0m create_environment_hook('cpp_add_three_ints', 'cmake_prefix_path')
[3.154s] [34mcolcon.colcon_core.shell[0m [1;30mINFO[0m Creating environment hook '/home/roger/Github/rogertests2/m4/Act_IDL/install/cpp_add_three_ints/share/cpp_add_three_ints/hook/cmake_prefix_path.ps1'
[3.154s] [34mcolcon.colcon_core.shell[0m [1;30mINFO[0m Creating environment descriptor '/home/roger/Github/rogertests2/m4/Act_IDL/install/cpp_add_three_ints/share/cpp_add_three_ints/hook/cmake_prefix_path.dsv'
[3.155s] [34mcolcon.colcon_core.shell[0m [1;30mINFO[0m Creating environment hook '/home/roger/Github/rogertests2/m4/Act_IDL/install/cpp_add_three_ints/share/cpp_add_three_ints/hook/cmake_prefix_path.sh'
[3.155s] [34mcolcon.colcon_core.environment[0m [1;30mLevel 1[0m checking '/home/roger/Github/rogertests2/m4/Act_IDL/install/cpp_add_three_ints/lib'
[3.155s] [34mcolcon.colcon_core.environment[0m [1;30mLevel 1[0m checking '/home/roger/Github/rogertests2/m4/Act_IDL/install/cpp_add_three_ints/bin'
[3.155s] [34mcolcon.colcon_core.environment[0m [1;30mLevel 1[0m checking '/home/roger/Github/rogertests2/m4/Act_IDL/install/cpp_add_three_ints/lib/pkgconfig/cpp_add_three_ints.pc'
[3.156s] [34mcolcon.colcon_core.environment[0m [1;30mLevel 1[0m checking '/home/roger/Github/rogertests2/m4/Act_IDL/install/cpp_add_three_ints/lib/python3.10/site-packages'
[3.156s] [34mcolcon.colcon_core.environment[0m [1;30mLevel 1[0m checking '/home/roger/Github/rogertests2/m4/Act_IDL/install/cpp_add_three_ints/bin'
[3.157s] [34mcolcon.colcon_core.shell[0m [1;30mINFO[0m Creating package script '/home/roger/Github/rogertests2/m4/Act_IDL/install/cpp_add_three_ints/share/cpp_add_three_ints/package.ps1'
[3.158s] [34mcolcon.colcon_core.shell[0m [1;30mINFO[0m Creating package descriptor '/home/roger/Github/rogertests2/m4/Act_IDL/install/cpp_add_three_ints/share/cpp_add_three_ints/package.dsv'
[3.158s] [34mcolcon.colcon_core.shell[0m [1;30mINFO[0m Creating package script '/home/roger/Github/rogertests2/m4/Act_IDL/install/cpp_add_three_ints/share/cpp_add_three_ints/package.sh'
[3.159s] [34mcolcon.colcon_core.shell[0m [1;30mINFO[0m Creating package script '/home/roger/Github/rogertests2/m4/Act_IDL/install/cpp_add_three_ints/share/cpp_add_three_ints/package.bash'
[3.159s] [34mcolcon.colcon_core.shell[0m [1;30mINFO[0m Creating package script '/home/roger/Github/rogertests2/m4/Act_IDL/install/cpp_add_three_ints/share/cpp_add_three_ints/package.zsh'
[3.160s] [34mcolcon.colcon_core.environment[0m [1;30mLevel 1[0m create_file_with_runtime_dependencies(/home/roger/Github/rogertests2/m4/Act_IDL/install/cpp_add_three_ints/share/colcon-core/packages/cpp_add_three_ints)
[3.160s] [34mcolcon.colcon_parallel_executor.executor.parallel[0m [1;30mDEBUG[0m [32mclosing loop[0m
[3.161s] [34mcolcon.colcon_parallel_executor.executor.parallel[0m [1;30mDEBUG[0m [32mloop closed[0m
[3.161s] [34mcolcon.colcon_parallel_executor.executor.parallel[0m [1;30mDEBUG[0m [32mrun_until_complete finished with '0'[0m
[3.161s] [34mcolcon.colcon_core.event_reactor[0m [1;30mDEBUG[0m [32mjoining thread[0m
[3.167s] [34mcolcon.colcon_core.plugin_system[0m [1;30mINFO[0m Skipping extension 'colcon_notification.desktop_notification.terminal_notifier': Not used on non-Darwin systems
[3.167s] [34mcolcon.colcon_core.plugin_system[0m [1;30mINFO[0m Skipping extension 'colcon_notification.desktop_notification.win32': Not used on non-Windows systems
[3.167s] [34mcolcon.colcon_notification.desktop_notification[0m [1;30mINFO[0m Sending desktop notification using 'notify2'
[3.188s] [34mcolcon.colcon_core.event_reactor[0m [1;30mDEBUG[0m [32mjoined thread[0m
[3.189s] [34mcolcon.colcon_core.shell[0m [1;30mINFO[0m Creating prefix script '/home/roger/Github/rogertests2/m4/Act_IDL/install/local_setup.ps1'
[3.189s] [34mcolcon.colcon_core.shell[0m [1;30mINFO[0m Creating prefix util module '/home/roger/Github/rogertests2/m4/Act_IDL/install/_local_setup_util_ps1.py'
[3.190s] [34mcolcon.colcon_core.shell[0m [1;30mINFO[0m Creating prefix chain script '/home/roger/Github/rogertests2/m4/Act_IDL/install/setup.ps1'
[3.191s] [34mcolcon.colcon_core.shell[0m [1;30mINFO[0m Creating prefix script '/home/roger/Github/rogertests2/m4/Act_IDL/install/local_setup.sh'
[3.191s] [34mcolcon.colcon_core.shell[0m [1;30mINFO[0m Creating prefix util module '/home/roger/Github/rogertests2/m4/Act_IDL/install/_local_setup_util_sh.py'
[3.192s] [34mcolcon.colcon_core.shell[0m [1;30mINFO[0m Creating prefix chain script '/home/roger/Github/rogertests2/m4/Act_IDL/install/setup.sh'
[3.192s] [34mcolcon.colcon_core.shell[0m [1;30mINFO[0m Creating prefix script '/home/roger/Github/rogertests2/m4/Act_IDL/install/local_setup.bash'
[3.193s] [34mcolcon.colcon_core.shell[0m [1;30mINFO[0m Creating prefix chain script '/home/roger/Github/rogertests2/m4/Act_IDL/install/setup.bash'
[3.193s] [34mcolcon.colcon_core.shell[0m [1;30mINFO[0m Creating prefix script '/home/roger/Github/rogertests2/m4/Act_IDL/install/local_setup.zsh'
[3.193s] [34mcolcon.colcon_core.shell[0m [1;30mINFO[0m Creating prefix chain script '/home/roger/Github/rogertests2/m4/Act_IDL/install/setup.zsh'
