[0.009s] Invoking command in '/home/roger/Github/rogertests2/m4/Act_IDL/build/interfaces': CMAKE_PREFIX_PATH=${CMAKE_PREFIX_PATH}:/home/roger/Github/rogertests2/m4/Act_IDL/install/py_add_three_ints:/opt/ros/humble /usr/bin/cmake /home/roger/Github/rogertests2/m4/Act_IDL/src/interfaces -DCMAKE_INSTALL_PREFIX=/home/roger/Github/rogertests2/m4/Act_IDL/install/interfaces
[0.080s] -- The C compiler identification is GNU 11.4.0
[0.129s] -- The CXX compiler identification is GNU 11.4.0
[0.138s] -- Detecting C compiler ABI info
[0.201s] -- Detecting C compiler ABI info - done
[0.207s] -- Check for working C compiler: /usr/bin/cc - skipped
[0.207s] -- Detecting C compile features
[0.208s] -- Detecting C compile features - done
[0.210s] -- Detecting CXX compiler ABI info
[0.287s] -- Detecting CXX compiler ABI info - done
[0.293s] -- Check for working CXX compiler: /usr/bin/c++ - skipped
[0.293s] -- Detecting CXX compile features
[0.293s] -- Detecting CXX compile features - done
[0.295s] -- Found ament_cmake: 1.3.12 (/opt/ros/humble/share/ament_cmake/cmake)
[0.631s] -- Found Python3: /usr/bin/python3 (found version "3.10.12") found components: Interpreter 
[0.707s] -- Found rosidl_default_generators: 1.2.0 (/opt/ros/humble/share/rosidl_default_generators/cmake)
[0.709s] -- Using all available rosidl_typesupport_c: rosidl_typesupport_fastrtps_c;rosidl_typesupport_introspection_c
[0.714s] -- Found rosidl_adapter: 3.1.8 (/opt/ros/humble/share/rosidl_adapter/cmake)
[0.748s] -- Using all available rosidl_typesupport_cpp: rosidl_typesupport_fastrtps_cpp;rosidl_typesupport_introspection_cpp
[1.004s] -- Found ament_cmake_ros: 0.10.0 (/opt/ros/humble/share/ament_cmake_ros/cmake)
[1.165s] -- Using all available rosidl_typesupport_c: rosidl_typesupport_fastrtps_c;rosidl_typesupport_introspection_c
[1.386s] -- Using all available rosidl_typesupport_cpp: rosidl_typesupport_fastrtps_cpp;rosidl_typesupport_introspection_cpp
[1.414s] -- Found PythonInterp: /usr/bin/python3 (found suitable version "3.10.12", minimum required is "3.6") 
[1.417s] -- Found python_cmake_module: 0.10.0 (/opt/ros/humble/share/python_cmake_module/cmake)
[1.447s] -- Found PythonLibs: /usr/lib/x86_64-linux-gnu/libpython3.10.so (found suitable version "3.10.12", minimum required is "3.5") 
[1.447s] -- Using PYTHON_EXECUTABLE: /usr/bin/python3
[1.447s] -- Using PYTHON_INCLUDE_DIRS: /usr/include/python3.10
[1.447s] -- Using PYTHON_LIBRARIES: /usr/lib/x86_64-linux-gnu/libpython3.10.so
[1.474s] -- Found PythonExtra: .so  
[1.508s] -- Configuring done
[1.528s] -- Generating done
[1.535s] -- Build files have been written to: /home/roger/Github/rogertests2/m4/Act_IDL/build/interfaces
[1.542s] Invoked command in '/home/roger/Github/rogertests2/m4/Act_IDL/build/interfaces' returned '0': CMAKE_PREFIX_PATH=${CMAKE_PREFIX_PATH}:/home/roger/Github/rogertests2/m4/Act_IDL/install/py_add_three_ints:/opt/ros/humble /usr/bin/cmake /home/roger/Github/rogertests2/m4/Act_IDL/src/interfaces -DCMAKE_INSTALL_PREFIX=/home/roger/Github/rogertests2/m4/Act_IDL/install/interfaces
[1.544s] Invoking command in '/home/roger/Github/rogertests2/m4/Act_IDL/build/interfaces': CMAKE_PREFIX_PATH=${CMAKE_PREFIX_PATH}:/home/roger/Github/rogertests2/m4/Act_IDL/install/py_add_three_ints:/opt/ros/humble /usr/bin/cmake --build /home/roger/Github/rogertests2/m4/Act_IDL/build/interfaces -- -j12 -l12
[1.586s] [  3%] [34m[1mGenerating C code for ROS interfaces[0m
[1.600s] [  6%] [34m[1mGenerating C++ code for ROS interfaces[0m
[1.612s] [  6%] Built target ament_cmake_python_copy_interfaces
[1.793s] [  6%] Built target interfaces__cpp
[1.794s] running egg_info
[1.801s] [  9%] [34m[1mGenerating C++ type support dispatch for ROS interfaces[0m
[1.803s] [ 16%] [34m[1mGenerating C++ type support for eProsima Fast-RTPS[0m
[1.803s] [ 16%] [34m[1mGenerating C++ introspection for ROS interfaces[0m
[1.806s] creating interfaces.egg-info
[1.806s] writing interfaces.egg-info/PKG-INFO
[1.807s] writing dependency_links to interfaces.egg-info/dependency_links.txt
[1.807s] writing top-level names to interfaces.egg-info/top_level.txt
[1.807s] writing manifest file 'interfaces.egg-info/SOURCES.txt'
[1.841s] reading manifest file 'interfaces.egg-info/SOURCES.txt'
[1.842s] writing manifest file 'interfaces.egg-info/SOURCES.txt'
[1.871s] [ 16%] Built target ament_cmake_python_build_interfaces_egg
[1.916s] [ 19%] [32mBuilding C object CMakeFiles/interfaces__rosidl_generator_c.dir/rosidl_generator_c/interfaces/srv/detail/add_three_ints__functions.c.o[0m
[1.961s] [ 22%] [32m[1mLinking C shared library libinterfaces__rosidl_generator_c.so[0m
[1.997s] [ 22%] Built target interfaces__rosidl_generator_c
[2.004s] [ 25%] [34m[1mGenerating C type support dispatch for ROS interfaces[0m
[2.007s] [ 29%] [34m[1mGenerating C type support for eProsima Fast-RTPS[0m
[2.008s] [ 32%] [34m[1mGenerating C introspection for ROS interfaces[0m
[2.052s] [ 35%] [32mBuilding CXX object CMakeFiles/interfaces__rosidl_typesupport_cpp.dir/rosidl_typesupport_cpp/interfaces/srv/add_three_ints__type_support.cpp.o[0m
[2.053s] [ 38%] [32mBuilding CXX object CMakeFiles/interfaces__rosidl_typesupport_fastrtps_cpp.dir/rosidl_typesupport_fastrtps_cpp/interfaces/srv/detail/dds_fastrtps/add_three_ints__type_support.cpp.o[0m
[2.100s] [ 41%] [32mBuilding CXX object CMakeFiles/interfaces__rosidl_typesupport_introspection_cpp.dir/rosidl_typesupport_introspection_cpp/interfaces/srv/detail/add_three_ints__type_support.cpp.o[0m
[2.189s] [ 45%] [32mBuilding CXX object CMakeFiles/interfaces__rosidl_typesupport_fastrtps_c.dir/rosidl_typesupport_fastrtps_c/interfaces/srv/detail/add_three_ints__type_support_c.cpp.o[0m
[2.284s] [ 48%] [32mBuilding CXX object CMakeFiles/interfaces__rosidl_typesupport_c.dir/rosidl_typesupport_c/interfaces/srv/add_three_ints__type_support.cpp.o[0m
[2.309s] [ 51%] [32m[1mLinking CXX shared library libinterfaces__rosidl_typesupport_c.so[0m
[2.335s] [ 54%] [32mBuilding C object CMakeFiles/interfaces__rosidl_typesupport_introspection_c.dir/rosidl_typesupport_introspection_c/interfaces/srv/detail/add_three_ints__type_support.c.o[0m
[2.360s] [ 58%] [32m[1mLinking CXX shared library libinterfaces__rosidl_typesupport_fastrtps_cpp.so[0m
[2.361s] [ 58%] Built target interfaces__rosidl_typesupport_c
[2.375s] [ 61%] [32m[1mLinking C shared library libinterfaces__rosidl_typesupport_introspection_c.so[0m
[2.389s] [ 64%] [32m[1mLinking CXX shared library libinterfaces__rosidl_typesupport_cpp.so[0m
[2.411s] [ 64%] Built target interfaces__rosidl_typesupport_introspection_c
[2.436s] [ 64%] Built target interfaces__rosidl_typesupport_cpp
[2.453s] [ 64%] Built target interfaces__rosidl_typesupport_fastrtps_cpp
[2.464s] [ 67%] [32m[1mLinking CXX shared library libinterfaces__rosidl_typesupport_fastrtps_c.so[0m
[2.465s] [ 70%] [32m[1mLinking CXX shared library libinterfaces__rosidl_typesupport_introspection_cpp.so[0m
[2.509s] [ 70%] Built target interfaces__rosidl_typesupport_introspection_cpp
[2.525s] [ 70%] Built target interfaces__rosidl_typesupport_fastrtps_c
[2.549s] [ 70%] Built target interfaces
[2.582s] [ 74%] [34m[1mGenerating Python code for ROS interfaces[0m
[2.831s] [ 74%] Built target interfaces__py
[2.857s] [ 77%] [32mBuilding C object CMakeFiles/interfaces__rosidl_generator_py.dir/rosidl_generator_py/interfaces/srv/_add_three_ints_s.c.o[0m
[2.936s] [ 80%] [32m[1mLinking C shared library rosidl_generator_py/interfaces/libinterfaces__rosidl_generator_py.so[0m
[2.976s] [ 80%] Built target interfaces__rosidl_generator_py
[3.004s] [ 83%] [32mBuilding C object CMakeFiles/interfaces__rosidl_typesupport_c__pyext.dir/rosidl_generator_py/interfaces/_interfaces_s.ep.rosidl_typesupport_c.c.o[0m
[3.004s] [ 87%] [32mBuilding C object CMakeFiles/interfaces__rosidl_typesupport_fastrtps_c__pyext.dir/rosidl_generator_py/interfaces/_interfaces_s.ep.rosidl_typesupport_fastrtps_c.c.o[0m
[3.005s] [ 90%] [32mBuilding C object CMakeFiles/interfaces__rosidl_typesupport_introspection_c__pyext.dir/rosidl_generator_py/interfaces/_interfaces_s.ep.rosidl_typesupport_introspection_c.c.o[0m
[3.075s] [ 93%] [32m[1mLinking C shared library rosidl_generator_py/interfaces/interfaces_s__rosidl_typesupport_fastrtps_c.cpython-310-x86_64-linux-gnu.so[0m
[3.078s] [ 96%] [32m[1mLinking C shared library rosidl_generator_py/interfaces/interfaces_s__rosidl_typesupport_introspection_c.cpython-310-x86_64-linux-gnu.so[0m
[3.111s] [ 96%] Built target interfaces__rosidl_typesupport_introspection_c__pyext
[3.111s] [ 96%] Built target interfaces__rosidl_typesupport_fastrtps_c__pyext
[3.115s] [100%] [32m[1mLinking C shared library rosidl_generator_py/interfaces/interfaces_s__rosidl_typesupport_c.cpython-310-x86_64-linux-gnu.so[0m
[3.153s] [100%] Built target interfaces__rosidl_typesupport_c__pyext
[3.169s] Invoked command in '/home/roger/Github/rogertests2/m4/Act_IDL/build/interfaces' returned '0': CMAKE_PREFIX_PATH=${CMAKE_PREFIX_PATH}:/home/roger/Github/rogertests2/m4/Act_IDL/install/py_add_three_ints:/opt/ros/humble /usr/bin/cmake --build /home/roger/Github/rogertests2/m4/Act_IDL/build/interfaces -- -j12 -l12
[3.184s] Invoking command in '/home/roger/Github/rogertests2/m4/Act_IDL/build/interfaces': CMAKE_PREFIX_PATH=${CMAKE_PREFIX_PATH}:/home/roger/Github/rogertests2/m4/Act_IDL/install/py_add_three_ints:/opt/ros/humble /usr/bin/cmake --install /home/roger/Github/rogertests2/m4/Act_IDL/build/interfaces
[3.197s] -- Install configuration: ""
[3.197s] -- Installing: /home/roger/Github/rogertests2/m4/Act_IDL/install/interfaces/share/ament_index/resource_index/rosidl_interfaces/interfaces
[3.197s] -- Installing: /home/roger/Github/rogertests2/m4/Act_IDL/install/interfaces/include/interfaces/interfaces
[3.197s] -- Installing: /home/roger/Github/rogertests2/m4/Act_IDL/install/interfaces/include/interfaces/interfaces/srv
[3.198s] -- Installing: /home/roger/Github/rogertests2/m4/Act_IDL/install/interfaces/include/interfaces/interfaces/srv/detail
[3.198s] -- Installing: /home/roger/Github/rogertests2/m4/Act_IDL/install/interfaces/include/interfaces/interfaces/srv/detail/add_three_ints__functions.c
[3.198s] -- Installing: /home/roger/Github/rogertests2/m4/Act_IDL/install/interfaces/include/interfaces/interfaces/srv/detail/add_three_ints__functions.h
[3.198s] -- Installing: /home/roger/Github/rogertests2/m4/Act_IDL/install/interfaces/include/interfaces/interfaces/srv/detail/add_three_ints__struct.h
[3.198s] -- Installing: /home/roger/Github/rogertests2/m4/Act_IDL/install/interfaces/include/interfaces/interfaces/srv/detail/add_three_ints__type_support.h
[3.198s] -- Installing: /home/roger/Github/rogertests2/m4/Act_IDL/install/interfaces/include/interfaces/interfaces/srv/add_three_ints.h
[3.199s] -- Installing: /home/roger/Github/rogertests2/m4/Act_IDL/install/interfaces/include/interfaces/interfaces/msg
[3.199s] -- Installing: /home/roger/Github/rogertests2/m4/Act_IDL/install/interfaces/include/interfaces/interfaces/msg/rosidl_generator_c__visibility_control.h
[3.199s] -- Installing: /home/roger/Github/rogertests2/m4/Act_IDL/install/interfaces/share/interfaces/environment/library_path.sh
[3.199s] -- Installing: /home/roger/Github/rogertests2/m4/Act_IDL/install/interfaces/share/interfaces/environment/library_path.dsv
[3.199s] -- Installing: /home/roger/Github/rogertests2/m4/Act_IDL/install/interfaces/lib/libinterfaces__rosidl_generator_c.so
[3.199s] -- Set runtime path of "/home/roger/Github/rogertests2/m4/Act_IDL/install/interfaces/lib/libinterfaces__rosidl_generator_c.so" to ""
[3.199s] -- Up-to-date: /home/roger/Github/rogertests2/m4/Act_IDL/install/interfaces/include/interfaces/interfaces
[3.199s] -- Up-to-date: /home/roger/Github/rogertests2/m4/Act_IDL/install/interfaces/include/interfaces/interfaces/srv
[3.200s] -- Up-to-date: /home/roger/Github/rogertests2/m4/Act_IDL/install/interfaces/include/interfaces/interfaces/srv/detail
[3.200s] -- Installing: /home/roger/Github/rogertests2/m4/Act_IDL/install/interfaces/include/interfaces/interfaces/srv/detail/add_three_ints__rosidl_typesupport_fastrtps_c.h
[3.200s] -- Up-to-date: /home/roger/Github/rogertests2/m4/Act_IDL/install/interfaces/include/interfaces/interfaces/msg
[3.200s] -- Installing: /home/roger/Github/rogertests2/m4/Act_IDL/install/interfaces/include/interfaces/interfaces/msg/rosidl_typesupport_fastrtps_c__visibility_control.h
[3.200s] -- Installing: /home/roger/Github/rogertests2/m4/Act_IDL/install/interfaces/lib/libinterfaces__rosidl_typesupport_fastrtps_c.so
[3.200s] -- Set runtime path of "/home/roger/Github/rogertests2/m4/Act_IDL/install/interfaces/lib/libinterfaces__rosidl_typesupport_fastrtps_c.so" to ""
[3.200s] -- Up-to-date: /home/roger/Github/rogertests2/m4/Act_IDL/install/interfaces/include/interfaces/interfaces
[3.200s] -- Up-to-date: /home/roger/Github/rogertests2/m4/Act_IDL/install/interfaces/include/interfaces/interfaces/srv
[3.200s] -- Up-to-date: /home/roger/Github/rogertests2/m4/Act_IDL/install/interfaces/include/interfaces/interfaces/srv/detail
[3.200s] -- Installing: /home/roger/Github/rogertests2/m4/Act_IDL/install/interfaces/include/interfaces/interfaces/srv/detail/add_three_ints__type_support.c
[3.201s] -- Installing: /home/roger/Github/rogertests2/m4/Act_IDL/install/interfaces/include/interfaces/interfaces/srv/detail/add_three_ints__rosidl_typesupport_introspection_c.h
[3.201s] -- Up-to-date: /home/roger/Github/rogertests2/m4/Act_IDL/install/interfaces/include/interfaces/interfaces/msg
[3.201s] -- Installing: /home/roger/Github/rogertests2/m4/Act_IDL/install/interfaces/include/interfaces/interfaces/msg/rosidl_typesupport_introspection_c__visibility_control.h
[3.201s] -- Installing: /home/roger/Github/rogertests2/m4/Act_IDL/install/interfaces/lib/libinterfaces__rosidl_typesupport_introspection_c.so
[3.201s] -- Set runtime path of "/home/roger/Github/rogertests2/m4/Act_IDL/install/interfaces/lib/libinterfaces__rosidl_typesupport_introspection_c.so" to ""
[3.201s] -- Installing: /home/roger/Github/rogertests2/m4/Act_IDL/install/interfaces/lib/libinterfaces__rosidl_typesupport_c.so
[3.201s] -- Set runtime path of "/home/roger/Github/rogertests2/m4/Act_IDL/install/interfaces/lib/libinterfaces__rosidl_typesupport_c.so" to ""
[3.202s] -- Up-to-date: /home/roger/Github/rogertests2/m4/Act_IDL/install/interfaces/include/interfaces/interfaces
[3.202s] -- Up-to-date: /home/roger/Github/rogertests2/m4/Act_IDL/install/interfaces/include/interfaces/interfaces/srv
[3.202s] -- Installing: /home/roger/Github/rogertests2/m4/Act_IDL/install/interfaces/include/interfaces/interfaces/srv/add_three_ints.hpp
[3.202s] -- Up-to-date: /home/roger/Github/rogertests2/m4/Act_IDL/install/interfaces/include/interfaces/interfaces/srv/detail
[3.202s] -- Installing: /home/roger/Github/rogertests2/m4/Act_IDL/install/interfaces/include/interfaces/interfaces/srv/detail/add_three_ints__type_support.hpp
[3.202s] -- Installing: /home/roger/Github/rogertests2/m4/Act_IDL/install/interfaces/include/interfaces/interfaces/srv/detail/add_three_ints__traits.hpp
[3.202s] -- Installing: /home/roger/Github/rogertests2/m4/Act_IDL/install/interfaces/include/interfaces/interfaces/srv/detail/add_three_ints__builder.hpp
[3.203s] -- Installing: /home/roger/Github/rogertests2/m4/Act_IDL/install/interfaces/include/interfaces/interfaces/srv/detail/add_three_ints__struct.hpp
[3.203s] -- Up-to-date: /home/roger/Github/rogertests2/m4/Act_IDL/install/interfaces/include/interfaces/interfaces/msg
[3.203s] -- Installing: /home/roger/Github/rogertests2/m4/Act_IDL/install/interfaces/include/interfaces/interfaces/msg/rosidl_generator_cpp__visibility_control.hpp
[3.203s] -- Up-to-date: /home/roger/Github/rogertests2/m4/Act_IDL/install/interfaces/include/interfaces/interfaces
[3.203s] -- Up-to-date: /home/roger/Github/rogertests2/m4/Act_IDL/install/interfaces/include/interfaces/interfaces/srv
[3.203s] -- Up-to-date: /home/roger/Github/rogertests2/m4/Act_IDL/install/interfaces/include/interfaces/interfaces/srv/detail
[3.203s] -- Installing: /home/roger/Github/rogertests2/m4/Act_IDL/install/interfaces/include/interfaces/interfaces/srv/detail/add_three_ints__rosidl_typesupport_fastrtps_cpp.hpp
[3.203s] -- Installing: /home/roger/Github/rogertests2/m4/Act_IDL/install/interfaces/include/interfaces/interfaces/srv/detail/dds_fastrtps
[3.204s] -- Up-to-date: /home/roger/Github/rogertests2/m4/Act_IDL/install/interfaces/include/interfaces/interfaces/msg
[3.204s] -- Installing: /home/roger/Github/rogertests2/m4/Act_IDL/install/interfaces/include/interfaces/interfaces/msg/rosidl_typesupport_fastrtps_cpp__visibility_control.h
[3.204s] -- Installing: /home/roger/Github/rogertests2/m4/Act_IDL/install/interfaces/lib/libinterfaces__rosidl_typesupport_fastrtps_cpp.so
[3.204s] -- Set runtime path of "/home/roger/Github/rogertests2/m4/Act_IDL/install/interfaces/lib/libinterfaces__rosidl_typesupport_fastrtps_cpp.so" to ""
[3.204s] -- Up-to-date: /home/roger/Github/rogertests2/m4/Act_IDL/install/interfaces/include/interfaces/interfaces
[3.205s] -- Up-to-date: /home/roger/Github/rogertests2/m4/Act_IDL/install/interfaces/include/interfaces/interfaces/srv
[3.205s] -- Up-to-date: /home/roger/Github/rogertests2/m4/Act_IDL/install/interfaces/include/interfaces/interfaces/srv/detail
[3.205s] -- Installing: /home/roger/Github/rogertests2/m4/Act_IDL/install/interfaces/include/interfaces/interfaces/srv/detail/add_three_ints__type_support.cpp
[3.205s] -- Installing: /home/roger/Github/rogertests2/m4/Act_IDL/install/interfaces/include/interfaces/interfaces/srv/detail/add_three_ints__rosidl_typesupport_introspection_cpp.hpp
[3.205s] -- Installing: /home/roger/Github/rogertests2/m4/Act_IDL/install/interfaces/lib/libinterfaces__rosidl_typesupport_introspection_cpp.so
[3.205s] -- Set runtime path of "/home/roger/Github/rogertests2/m4/Act_IDL/install/interfaces/lib/libinterfaces__rosidl_typesupport_introspection_cpp.so" to ""
[3.205s] -- Installing: /home/roger/Github/rogertests2/m4/Act_IDL/install/interfaces/lib/libinterfaces__rosidl_typesupport_cpp.so
[3.205s] -- Set runtime path of "/home/roger/Github/rogertests2/m4/Act_IDL/install/interfaces/lib/libinterfaces__rosidl_typesupport_cpp.so" to ""
[3.205s] -- Installing: /home/roger/Github/rogertests2/m4/Act_IDL/install/interfaces/share/interfaces/environment/pythonpath.sh
[3.206s] -- Installing: /home/roger/Github/rogertests2/m4/Act_IDL/install/interfaces/share/interfaces/environment/pythonpath.dsv
[3.206s] -- Installing: /home/roger/Github/rogertests2/m4/Act_IDL/install/interfaces/local/lib/python3.10/dist-packages/interfaces-0.0.0-py3.10.egg-info
[3.206s] -- Installing: /home/roger/Github/rogertests2/m4/Act_IDL/install/interfaces/local/lib/python3.10/dist-packages/interfaces-0.0.0-py3.10.egg-info/PKG-INFO
[3.206s] -- Installing: /home/roger/Github/rogertests2/m4/Act_IDL/install/interfaces/local/lib/python3.10/dist-packages/interfaces-0.0.0-py3.10.egg-info/SOURCES.txt
[3.206s] -- Installing: /home/roger/Github/rogertests2/m4/Act_IDL/install/interfaces/local/lib/python3.10/dist-packages/interfaces-0.0.0-py3.10.egg-info/top_level.txt
[3.206s] -- Installing: /home/roger/Github/rogertests2/m4/Act_IDL/install/interfaces/local/lib/python3.10/dist-packages/interfaces-0.0.0-py3.10.egg-info/dependency_links.txt
[3.206s] -- Installing: /home/roger/Github/rogertests2/m4/Act_IDL/install/interfaces/local/lib/python3.10/dist-packages/interfaces
[3.206s] -- Installing: /home/roger/Github/rogertests2/m4/Act_IDL/install/interfaces/local/lib/python3.10/dist-packages/interfaces/interfaces_s__rosidl_typesupport_fastrtps_c.cpython-310-x86_64-linux-gnu.so
[3.206s] -- Installing: /home/roger/Github/rogertests2/m4/Act_IDL/install/interfaces/local/lib/python3.10/dist-packages/interfaces/_interfaces_s.ep.rosidl_typesupport_introspection_c.c
[3.206s] -- Installing: /home/roger/Github/rogertests2/m4/Act_IDL/install/interfaces/local/lib/python3.10/dist-packages/interfaces/srv
[3.207s] -- Installing: /home/roger/Github/rogertests2/m4/Act_IDL/install/interfaces/local/lib/python3.10/dist-packages/interfaces/srv/_add_three_ints.py
[3.207s] -- Installing: /home/roger/Github/rogertests2/m4/Act_IDL/install/interfaces/local/lib/python3.10/dist-packages/interfaces/srv/_add_three_ints_s.c
[3.207s] -- Installing: /home/roger/Github/rogertests2/m4/Act_IDL/install/interfaces/local/lib/python3.10/dist-packages/interfaces/srv/__init__.py
[3.207s] -- Installing: /home/roger/Github/rogertests2/m4/Act_IDL/install/interfaces/local/lib/python3.10/dist-packages/interfaces/_interfaces_s.ep.rosidl_typesupport_fastrtps_c.c
[3.207s] -- Installing: /home/roger/Github/rogertests2/m4/Act_IDL/install/interfaces/local/lib/python3.10/dist-packages/interfaces/__init__.py
[3.207s] -- Installing: /home/roger/Github/rogertests2/m4/Act_IDL/install/interfaces/local/lib/python3.10/dist-packages/interfaces/interfaces_s__rosidl_typesupport_c.cpython-310-x86_64-linux-gnu.so
[3.207s] -- Installing: /home/roger/Github/rogertests2/m4/Act_IDL/install/interfaces/local/lib/python3.10/dist-packages/interfaces/libinterfaces__rosidl_generator_py.so
[3.207s] -- Installing: /home/roger/Github/rogertests2/m4/Act_IDL/install/interfaces/local/lib/python3.10/dist-packages/interfaces/_interfaces_s.ep.rosidl_typesupport_c.c
[3.207s] -- Installing: /home/roger/Github/rogertests2/m4/Act_IDL/install/interfaces/local/lib/python3.10/dist-packages/interfaces/interfaces_s__rosidl_typesupport_introspection_c.cpython-310-x86_64-linux-gnu.so
[3.239s] Listing '/home/roger/Github/rogertests2/m4/Act_IDL/install/interfaces/local/lib/python3.10/dist-packages/interfaces'...
[3.239s] Compiling '/home/roger/Github/rogertests2/m4/Act_IDL/install/interfaces/local/lib/python3.10/dist-packages/interfaces/__init__.py'...
[3.239s] Listing '/home/roger/Github/rogertests2/m4/Act_IDL/install/interfaces/local/lib/python3.10/dist-packages/interfaces/srv'...
[3.239s] Compiling '/home/roger/Github/rogertests2/m4/Act_IDL/install/interfaces/local/lib/python3.10/dist-packages/interfaces/srv/__init__.py'...
[3.239s] Compiling '/home/roger/Github/rogertests2/m4/Act_IDL/install/interfaces/local/lib/python3.10/dist-packages/interfaces/srv/_add_three_ints.py'...
[3.242s] -- Installing: /home/roger/Github/rogertests2/m4/Act_IDL/install/interfaces/local/lib/python3.10/dist-packages/interfaces/interfaces_s__rosidl_typesupport_fastrtps_c.cpython-310-x86_64-linux-gnu.so
[3.243s] -- Set runtime path of "/home/roger/Github/rogertests2/m4/Act_IDL/install/interfaces/local/lib/python3.10/dist-packages/interfaces/interfaces_s__rosidl_typesupport_fastrtps_c.cpython-310-x86_64-linux-gnu.so" to ""
[3.243s] -- Installing: /home/roger/Github/rogertests2/m4/Act_IDL/install/interfaces/local/lib/python3.10/dist-packages/interfaces/interfaces_s__rosidl_typesupport_introspection_c.cpython-310-x86_64-linux-gnu.so
[3.243s] -- Set runtime path of "/home/roger/Github/rogertests2/m4/Act_IDL/install/interfaces/local/lib/python3.10/dist-packages/interfaces/interfaces_s__rosidl_typesupport_introspection_c.cpython-310-x86_64-linux-gnu.so" to ""
[3.243s] -- Installing: /home/roger/Github/rogertests2/m4/Act_IDL/install/interfaces/local/lib/python3.10/dist-packages/interfaces/interfaces_s__rosidl_typesupport_c.cpython-310-x86_64-linux-gnu.so
[3.243s] -- Set runtime path of "/home/roger/Github/rogertests2/m4/Act_IDL/install/interfaces/local/lib/python3.10/dist-packages/interfaces/interfaces_s__rosidl_typesupport_c.cpython-310-x86_64-linux-gnu.so" to ""
[3.243s] -- Installing: /home/roger/Github/rogertests2/m4/Act_IDL/install/interfaces/lib/libinterfaces__rosidl_generator_py.so
[3.243s] -- Set runtime path of "/home/roger/Github/rogertests2/m4/Act_IDL/install/interfaces/lib/libinterfaces__rosidl_generator_py.so" to ""
[3.243s] -- Installing: /home/roger/Github/rogertests2/m4/Act_IDL/install/interfaces/share/interfaces/srv/AddThreeInts.idl
[3.243s] -- Installing: /home/roger/Github/rogertests2/m4/Act_IDL/install/interfaces/share/interfaces/srv/AddThreeInts.srv
[3.244s] -- Installing: /home/roger/Github/rogertests2/m4/Act_IDL/install/interfaces/share/interfaces/srv/AddThreeInts_Request.msg
[3.244s] -- Installing: /home/roger/Github/rogertests2/m4/Act_IDL/install/interfaces/share/interfaces/srv/AddThreeInts_Response.msg
[3.244s] -- Installing: /home/roger/Github/rogertests2/m4/Act_IDL/install/interfaces/share/ament_index/resource_index/package_run_dependencies/interfaces
[3.244s] -- Installing: /home/roger/Github/rogertests2/m4/Act_IDL/install/interfaces/share/ament_index/resource_index/parent_prefix_path/interfaces
[3.244s] -- Installing: /home/roger/Github/rogertests2/m4/Act_IDL/install/interfaces/share/interfaces/environment/ament_prefix_path.sh
[3.244s] -- Installing: /home/roger/Github/rogertests2/m4/Act_IDL/install/interfaces/share/interfaces/environment/ament_prefix_path.dsv
[3.244s] -- Installing: /home/roger/Github/rogertests2/m4/Act_IDL/install/interfaces/share/interfaces/environment/path.sh
[3.244s] -- Installing: /home/roger/Github/rogertests2/m4/Act_IDL/install/interfaces/share/interfaces/environment/path.dsv
[3.244s] -- Installing: /home/roger/Github/rogertests2/m4/Act_IDL/install/interfaces/share/interfaces/local_setup.bash
[3.245s] -- Installing: /home/roger/Github/rogertests2/m4/Act_IDL/install/interfaces/share/interfaces/local_setup.sh
[3.245s] -- Installing: /home/roger/Github/rogertests2/m4/Act_IDL/install/interfaces/share/interfaces/local_setup.zsh
[3.245s] -- Installing: /home/roger/Github/rogertests2/m4/Act_IDL/install/interfaces/share/interfaces/local_setup.dsv
[3.245s] -- Installing: /home/roger/Github/rogertests2/m4/Act_IDL/install/interfaces/share/interfaces/package.dsv
[3.245s] -- Installing: /home/roger/Github/rogertests2/m4/Act_IDL/install/interfaces/share/ament_index/resource_index/packages/interfaces
[3.245s] -- Installing: /home/roger/Github/rogertests2/m4/Act_IDL/install/interfaces/share/interfaces/cmake/export_interfaces__rosidl_generator_cExport.cmake
[3.245s] -- Installing: /home/roger/Github/rogertests2/m4/Act_IDL/install/interfaces/share/interfaces/cmake/export_interfaces__rosidl_generator_cExport-noconfig.cmake
[3.245s] -- Installing: /home/roger/Github/rogertests2/m4/Act_IDL/install/interfaces/share/interfaces/cmake/export_interfaces__rosidl_typesupport_fastrtps_cExport.cmake
[3.245s] -- Installing: /home/roger/Github/rogertests2/m4/Act_IDL/install/interfaces/share/interfaces/cmake/export_interfaces__rosidl_typesupport_fastrtps_cExport-noconfig.cmake
[3.246s] -- Installing: /home/roger/Github/rogertests2/m4/Act_IDL/install/interfaces/share/interfaces/cmake/interfaces__rosidl_typesupport_introspection_cExport.cmake
[3.246s] -- Installing: /home/roger/Github/rogertests2/m4/Act_IDL/install/interfaces/share/interfaces/cmake/interfaces__rosidl_typesupport_introspection_cExport-noconfig.cmake
[3.246s] -- Installing: /home/roger/Github/rogertests2/m4/Act_IDL/install/interfaces/share/interfaces/cmake/interfaces__rosidl_typesupport_cExport.cmake
[3.246s] -- Installing: /home/roger/Github/rogertests2/m4/Act_IDL/install/interfaces/share/interfaces/cmake/interfaces__rosidl_typesupport_cExport-noconfig.cmake
[3.246s] -- Installing: /home/roger/Github/rogertests2/m4/Act_IDL/install/interfaces/share/interfaces/cmake/export_interfaces__rosidl_generator_cppExport.cmake
[3.246s] -- Installing: /home/roger/Github/rogertests2/m4/Act_IDL/install/interfaces/share/interfaces/cmake/export_interfaces__rosidl_typesupport_fastrtps_cppExport.cmake
[3.246s] -- Installing: /home/roger/Github/rogertests2/m4/Act_IDL/install/interfaces/share/interfaces/cmake/export_interfaces__rosidl_typesupport_fastrtps_cppExport-noconfig.cmake
[3.246s] -- Installing: /home/roger/Github/rogertests2/m4/Act_IDL/install/interfaces/share/interfaces/cmake/interfaces__rosidl_typesupport_introspection_cppExport.cmake
[3.246s] -- Installing: /home/roger/Github/rogertests2/m4/Act_IDL/install/interfaces/share/interfaces/cmake/interfaces__rosidl_typesupport_introspection_cppExport-noconfig.cmake
[3.246s] -- Installing: /home/roger/Github/rogertests2/m4/Act_IDL/install/interfaces/share/interfaces/cmake/interfaces__rosidl_typesupport_cppExport.cmake
[3.246s] -- Installing: /home/roger/Github/rogertests2/m4/Act_IDL/install/interfaces/share/interfaces/cmake/interfaces__rosidl_typesupport_cppExport-noconfig.cmake
[3.247s] -- Installing: /home/roger/Github/rogertests2/m4/Act_IDL/install/interfaces/share/interfaces/cmake/export_interfaces__rosidl_generator_pyExport.cmake
[3.247s] -- Installing: /home/roger/Github/rogertests2/m4/Act_IDL/install/interfaces/share/interfaces/cmake/export_interfaces__rosidl_generator_pyExport-noconfig.cmake
[3.247s] -- Installing: /home/roger/Github/rogertests2/m4/Act_IDL/install/interfaces/share/interfaces/cmake/rosidl_cmake-extras.cmake
[3.247s] -- Installing: /home/roger/Github/rogertests2/m4/Act_IDL/install/interfaces/share/interfaces/cmake/ament_cmake_export_include_directories-extras.cmake
[3.247s] -- Installing: /home/roger/Github/rogertests2/m4/Act_IDL/install/interfaces/share/interfaces/cmake/ament_cmake_export_libraries-extras.cmake
[3.247s] -- Installing: /home/roger/Github/rogertests2/m4/Act_IDL/install/interfaces/share/interfaces/cmake/ament_cmake_export_targets-extras.cmake
[3.248s] -- Installing: /home/roger/Github/rogertests2/m4/Act_IDL/install/interfaces/share/interfaces/cmake/rosidl_cmake_export_typesupport_targets-extras.cmake
[3.249s] -- Installing: /home/roger/Github/rogertests2/m4/Act_IDL/install/interfaces/share/interfaces/cmake/ament_cmake_export_dependencies-extras.cmake
[3.249s] -- Installing: /home/roger/Github/rogertests2/m4/Act_IDL/install/interfaces/share/interfaces/cmake/rosidl_cmake_export_typesupport_libraries-extras.cmake
[3.249s] -- Installing: /home/roger/Github/rogertests2/m4/Act_IDL/install/interfaces/share/interfaces/cmake/interfacesConfig.cmake
[3.249s] -- Installing: /home/roger/Github/rogertests2/m4/Act_IDL/install/interfaces/share/interfaces/cmake/interfacesConfig-version.cmake
[3.249s] -- Installing: /home/roger/Github/rogertests2/m4/Act_IDL/install/interfaces/share/interfaces/package.xml
[3.249s] Invoked command in '/home/roger/Github/rogertests2/m4/Act_IDL/build/interfaces' returned '0': CMAKE_PREFIX_PATH=${CMAKE_PREFIX_PATH}:/home/roger/Github/rogertests2/m4/Act_IDL/install/py_add_three_ints:/opt/ros/humble /usr/bin/cmake --install /home/roger/Github/rogertests2/m4/Act_IDL/build/interfaces
