[0.012s] Invoking command in '/home/roger/Github/rogertests2/m4/Act_IDL/build/interfaces': CMAKE_PREFIX_PATH=${CMAKE_PREFIX_PATH}:/home/roger/Github/rogertests2/m4/Act_IDL/install/py_add_three_ints:/opt/ros/humble /usr/bin/cmake --build /home/roger/Github/rogertests2/m4/Act_IDL/build/interfaces -- -j12 -l12
[0.053s] [35m[1mConsolidate compiler generated dependencies of target interfaces__rosidl_generator_c[0m
[0.061s] [  3%] Built target interfaces__cpp
[0.067s] [ 12%] Built target interfaces__rosidl_generator_c
[0.069s] [ 12%] Built target ament_cmake_python_copy_interfaces
[0.073s] [35m[1mConsolidate compiler generated dependencies of target interfaces__rosidl_typesupport_cpp[0m
[0.075s] [35m[1mConsolidate compiler generated dependencies of target interfaces__rosidl_typesupport_introspection_cpp[0m
[0.075s] [35m[1mConsolidate compiler generated dependencies of target interfaces__rosidl_typesupport_fastrtps_cpp[0m
[0.076s] [35m[1mConsolidate compiler generated dependencies of target interfaces__rosidl_typesupport_introspection_c[0m
[0.077s] [35m[1mConsolidate compiler generated dependencies of target interfaces__rosidl_typesupport_c[0m
[0.079s] [35m[1mConsolidate compiler generated dependencies of target interfaces__rosidl_typesupport_fastrtps_c[0m
[0.085s] [ 22%] Built target interfaces__rosidl_typesupport_fastrtps_cpp
[0.087s] [ 32%] Built target interfaces__rosidl_typesupport_cpp
[0.089s] [ 61%] Built target interfaces__rosidl_typesupport_c
[0.089s] [ 61%] Built target interfaces__rosidl_typesupport_introspection_cpp
[0.089s] [ 61%] Built target interfaces__rosidl_typesupport_introspection_c
[0.092s] [ 70%] Built target interfaces__rosidl_typesupport_fastrtps_c
[0.110s] [ 70%] Built target interfaces
[0.135s] [ 74%] Built target interfaces__py
[0.145s] [35m[1mConsolidate compiler generated dependencies of target interfaces__rosidl_generator_py[0m
[0.158s] [ 80%] Built target interfaces__rosidl_generator_py
[0.167s] [35m[1mConsolidate compiler generated dependencies of target interfaces__rosidl_typesupport_c__pyext[0m
[0.170s] [35m[1mConsolidate compiler generated dependencies of target interfaces__rosidl_typesupport_fastrtps_c__pyext[0m
[0.170s] [35m[1mConsolidate compiler generated dependencies of target interfaces__rosidl_typesupport_introspection_c__pyext[0m
[0.178s] [ 87%] Built target interfaces__rosidl_typesupport_c__pyext
[0.184s] [ 93%] Built target interfaces__rosidl_typesupport_introspection_c__pyext
[0.185s] [100%] Built target interfaces__rosidl_typesupport_fastrtps_c__pyext
[0.232s] running egg_info
[0.245s] writing interfaces.egg-info/PKG-INFO
[0.245s] writing dependency_links to interfaces.egg-info/dependency_links.txt
[0.245s] writing top-level names to interfaces.egg-info/top_level.txt
[0.305s] reading manifest file 'interfaces.egg-info/SOURCES.txt'
[0.306s] writing manifest file 'interfaces.egg-info/SOURCES.txt'
[0.344s] [100%] Built target ament_cmake_python_build_interfaces_egg
[0.358s] Invoked command in '/home/roger/Github/rogertests2/m4/Act_IDL/build/interfaces' returned '0': CMAKE_PREFIX_PATH=${CMAKE_PREFIX_PATH}:/home/roger/Github/rogertests2/m4/Act_IDL/install/py_add_three_ints:/opt/ros/humble /usr/bin/cmake --build /home/roger/Github/rogertests2/m4/Act_IDL/build/interfaces -- -j12 -l12
[0.371s] Invoking command in '/home/roger/Github/rogertests2/m4/Act_IDL/build/interfaces': CMAKE_PREFIX_PATH=${CMAKE_PREFIX_PATH}:/home/roger/Github/rogertests2/m4/Act_IDL/install/py_add_three_ints:/opt/ros/humble /usr/bin/cmake --install /home/roger/Github/rogertests2/m4/Act_IDL/build/interfaces
[0.380s] -- Install configuration: ""
[0.380s] -- Up-to-date: /home/roger/Github/rogertests2/m4/Act_IDL/install/interfaces/share/ament_index/resource_index/rosidl_interfaces/interfaces
[0.381s] -- Up-to-date: /home/roger/Github/rogertests2/m4/Act_IDL/install/interfaces/include/interfaces/interfaces
[0.381s] -- Up-to-date: /home/roger/Github/rogertests2/m4/Act_IDL/install/interfaces/include/interfaces/interfaces/srv
[0.381s] -- Up-to-date: /home/roger/Github/rogertests2/m4/Act_IDL/install/interfaces/include/interfaces/interfaces/srv/detail
[0.381s] -- Up-to-date: /home/roger/Github/rogertests2/m4/Act_IDL/install/interfaces/include/interfaces/interfaces/srv/detail/add_three_ints__functions.c
[0.381s] -- Up-to-date: /home/roger/Github/rogertests2/m4/Act_IDL/install/interfaces/include/interfaces/interfaces/srv/detail/add_three_ints__functions.h
[0.381s] -- Up-to-date: /home/roger/Github/rogertests2/m4/Act_IDL/install/interfaces/include/interfaces/interfaces/srv/detail/add_three_ints__struct.h
[0.381s] -- Up-to-date: /home/roger/Github/rogertests2/m4/Act_IDL/install/interfaces/include/interfaces/interfaces/srv/detail/add_three_ints__type_support.h
[0.382s] -- Up-to-date: /home/roger/Github/rogertests2/m4/Act_IDL/install/interfaces/include/interfaces/interfaces/srv/add_three_ints.h
[0.382s] -- Up-to-date: /home/roger/Github/rogertests2/m4/Act_IDL/install/interfaces/include/interfaces/interfaces/msg
[0.382s] -- Up-to-date: /home/roger/Github/rogertests2/m4/Act_IDL/install/interfaces/include/interfaces/interfaces/msg/rosidl_generator_c__visibility_control.h
[0.382s] -- Up-to-date: /home/roger/Github/rogertests2/m4/Act_IDL/install/interfaces/share/interfaces/environment/library_path.sh
[0.382s] -- Up-to-date: /home/roger/Github/rogertests2/m4/Act_IDL/install/interfaces/share/interfaces/environment/library_path.dsv
[0.382s] -- Up-to-date: /home/roger/Github/rogertests2/m4/Act_IDL/install/interfaces/lib/libinterfaces__rosidl_generator_c.so
[0.382s] -- Up-to-date: /home/roger/Github/rogertests2/m4/Act_IDL/install/interfaces/include/interfaces/interfaces
[0.382s] -- Up-to-date: /home/roger/Github/rogertests2/m4/Act_IDL/install/interfaces/include/interfaces/interfaces/srv
[0.382s] -- Up-to-date: /home/roger/Github/rogertests2/m4/Act_IDL/install/interfaces/include/interfaces/interfaces/srv/detail
[0.382s] -- Up-to-date: /home/roger/Github/rogertests2/m4/Act_IDL/install/interfaces/include/interfaces/interfaces/srv/detail/add_three_ints__rosidl_typesupport_fastrtps_c.h
[0.382s] -- Up-to-date: /home/roger/Github/rogertests2/m4/Act_IDL/install/interfaces/include/interfaces/interfaces/msg
[0.382s] -- Up-to-date: /home/roger/Github/rogertests2/m4/Act_IDL/install/interfaces/include/interfaces/interfaces/msg/rosidl_typesupport_fastrtps_c__visibility_control.h
[0.383s] -- Up-to-date: /home/roger/Github/rogertests2/m4/Act_IDL/install/interfaces/lib/libinterfaces__rosidl_typesupport_fastrtps_c.so
[0.383s] -- Up-to-date: /home/roger/Github/rogertests2/m4/Act_IDL/install/interfaces/include/interfaces/interfaces
[0.383s] -- Up-to-date: /home/roger/Github/rogertests2/m4/Act_IDL/install/interfaces/include/interfaces/interfaces/srv
[0.383s] -- Up-to-date: /home/roger/Github/rogertests2/m4/Act_IDL/install/interfaces/include/interfaces/interfaces/srv/detail
[0.383s] -- Up-to-date: /home/roger/Github/rogertests2/m4/Act_IDL/install/interfaces/include/interfaces/interfaces/srv/detail/add_three_ints__type_support.c
[0.383s] -- Up-to-date: /home/roger/Github/rogertests2/m4/Act_IDL/install/interfaces/include/interfaces/interfaces/srv/detail/add_three_ints__rosidl_typesupport_introspection_c.h
[0.383s] -- Up-to-date: /home/roger/Github/rogertests2/m4/Act_IDL/install/interfaces/include/interfaces/interfaces/msg
[0.383s] -- Up-to-date: /home/roger/Github/rogertests2/m4/Act_IDL/install/interfaces/include/interfaces/interfaces/msg/rosidl_typesupport_introspection_c__visibility_control.h
[0.383s] -- Up-to-date: /home/roger/Github/rogertests2/m4/Act_IDL/install/interfaces/lib/libinterfaces__rosidl_typesupport_introspection_c.so
[0.383s] -- Up-to-date: /home/roger/Github/rogertests2/m4/Act_IDL/install/interfaces/lib/libinterfaces__rosidl_typesupport_c.so
[0.383s] -- Up-to-date: /home/roger/Github/rogertests2/m4/Act_IDL/install/interfaces/include/interfaces/interfaces
[0.383s] -- Up-to-date: /home/roger/Github/rogertests2/m4/Act_IDL/install/interfaces/include/interfaces/interfaces/srv
[0.383s] -- Up-to-date: /home/roger/Github/rogertests2/m4/Act_IDL/install/interfaces/include/interfaces/interfaces/srv/add_three_ints.hpp
[0.383s] -- Up-to-date: /home/roger/Github/rogertests2/m4/Act_IDL/install/interfaces/include/interfaces/interfaces/srv/detail
[0.383s] -- Up-to-date: /home/roger/Github/rogertests2/m4/Act_IDL/install/interfaces/include/interfaces/interfaces/srv/detail/add_three_ints__type_support.hpp
[0.383s] -- Up-to-date: /home/roger/Github/rogertests2/m4/Act_IDL/install/interfaces/include/interfaces/interfaces/srv/detail/add_three_ints__traits.hpp
[0.383s] -- Up-to-date: /home/roger/Github/rogertests2/m4/Act_IDL/install/interfaces/include/interfaces/interfaces/srv/detail/add_three_ints__builder.hpp
[0.383s] -- Up-to-date: /home/roger/Github/rogertests2/m4/Act_IDL/install/interfaces/include/interfaces/interfaces/srv/detail/add_three_ints__struct.hpp
[0.383s] -- Up-to-date: /home/roger/Github/rogertests2/m4/Act_IDL/install/interfaces/include/interfaces/interfaces/msg
[0.383s] -- Up-to-date: /home/roger/Github/rogertests2/m4/Act_IDL/install/interfaces/include/interfaces/interfaces/msg/rosidl_generator_cpp__visibility_control.hpp
[0.383s] -- Up-to-date: /home/roger/Github/rogertests2/m4/Act_IDL/install/interfaces/include/interfaces/interfaces
[0.383s] -- Up-to-date: /home/roger/Github/rogertests2/m4/Act_IDL/install/interfaces/include/interfaces/interfaces/srv
[0.383s] -- Up-to-date: /home/roger/Github/rogertests2/m4/Act_IDL/install/interfaces/include/interfaces/interfaces/srv/detail
[0.383s] -- Up-to-date: /home/roger/Github/rogertests2/m4/Act_IDL/install/interfaces/include/interfaces/interfaces/srv/detail/add_three_ints__rosidl_typesupport_fastrtps_cpp.hpp
[0.383s] -- Up-to-date: /home/roger/Github/rogertests2/m4/Act_IDL/install/interfaces/include/interfaces/interfaces/srv/detail/dds_fastrtps
[0.383s] -- Up-to-date: /home/roger/Github/rogertests2/m4/Act_IDL/install/interfaces/include/interfaces/interfaces/msg
[0.383s] -- Up-to-date: /home/roger/Github/rogertests2/m4/Act_IDL/install/interfaces/include/interfaces/interfaces/msg/rosidl_typesupport_fastrtps_cpp__visibility_control.h
[0.383s] -- Up-to-date: /home/roger/Github/rogertests2/m4/Act_IDL/install/interfaces/lib/libinterfaces__rosidl_typesupport_fastrtps_cpp.so
[0.383s] -- Up-to-date: /home/roger/Github/rogertests2/m4/Act_IDL/install/interfaces/include/interfaces/interfaces
[0.383s] -- Up-to-date: /home/roger/Github/rogertests2/m4/Act_IDL/install/interfaces/include/interfaces/interfaces/srv
[0.383s] -- Up-to-date: /home/roger/Github/rogertests2/m4/Act_IDL/install/interfaces/include/interfaces/interfaces/srv/detail
[0.384s] -- Up-to-date: /home/roger/Github/rogertests2/m4/Act_IDL/install/interfaces/include/interfaces/interfaces/srv/detail/add_three_ints__type_support.cpp
[0.384s] -- Up-to-date: /home/roger/Github/rogertests2/m4/Act_IDL/install/interfaces/include/interfaces/interfaces/srv/detail/add_three_ints__rosidl_typesupport_introspection_cpp.hpp
[0.384s] -- Up-to-date: /home/roger/Github/rogertests2/m4/Act_IDL/install/interfaces/lib/libinterfaces__rosidl_typesupport_introspection_cpp.so
[0.384s] -- Up-to-date: /home/roger/Github/rogertests2/m4/Act_IDL/install/interfaces/lib/libinterfaces__rosidl_typesupport_cpp.so
[0.384s] -- Up-to-date: /home/roger/Github/rogertests2/m4/Act_IDL/install/interfaces/share/interfaces/environment/pythonpath.sh
[0.384s] -- Up-to-date: /home/roger/Github/rogertests2/m4/Act_IDL/install/interfaces/share/interfaces/environment/pythonpath.dsv
[0.384s] -- Up-to-date: /home/roger/Github/rogertests2/m4/Act_IDL/install/interfaces/local/lib/python3.10/dist-packages/interfaces-0.0.0-py3.10.egg-info
[0.384s] -- Installing: /home/roger/Github/rogertests2/m4/Act_IDL/install/interfaces/local/lib/python3.10/dist-packages/interfaces-0.0.0-py3.10.egg-info/PKG-INFO
[0.384s] -- Installing: /home/roger/Github/rogertests2/m4/Act_IDL/install/interfaces/local/lib/python3.10/dist-packages/interfaces-0.0.0-py3.10.egg-info/SOURCES.txt
[0.384s] -- Installing: /home/roger/Github/rogertests2/m4/Act_IDL/install/interfaces/local/lib/python3.10/dist-packages/interfaces-0.0.0-py3.10.egg-info/top_level.txt
[0.384s] -- Installing: /home/roger/Github/rogertests2/m4/Act_IDL/install/interfaces/local/lib/python3.10/dist-packages/interfaces-0.0.0-py3.10.egg-info/dependency_links.txt
[0.384s] -- Up-to-date: /home/roger/Github/rogertests2/m4/Act_IDL/install/interfaces/local/lib/python3.10/dist-packages/interfaces
[0.384s] -- Up-to-date: /home/roger/Github/rogertests2/m4/Act_IDL/install/interfaces/local/lib/python3.10/dist-packages/interfaces/interfaces_s__rosidl_typesupport_fastrtps_c.cpython-310-x86_64-linux-gnu.so
[0.384s] -- Up-to-date: /home/roger/Github/rogertests2/m4/Act_IDL/install/interfaces/local/lib/python3.10/dist-packages/interfaces/_interfaces_s.ep.rosidl_typesupport_introspection_c.c
[0.384s] -- Up-to-date: /home/roger/Github/rogertests2/m4/Act_IDL/install/interfaces/local/lib/python3.10/dist-packages/interfaces/srv
[0.384s] -- Up-to-date: /home/roger/Github/rogertests2/m4/Act_IDL/install/interfaces/local/lib/python3.10/dist-packages/interfaces/srv/_add_three_ints.py
[0.384s] -- Up-to-date: /home/roger/Github/rogertests2/m4/Act_IDL/install/interfaces/local/lib/python3.10/dist-packages/interfaces/srv/_add_three_ints_s.c
[0.384s] -- Up-to-date: /home/roger/Github/rogertests2/m4/Act_IDL/install/interfaces/local/lib/python3.10/dist-packages/interfaces/srv/__init__.py
[0.384s] -- Up-to-date: /home/roger/Github/rogertests2/m4/Act_IDL/install/interfaces/local/lib/python3.10/dist-packages/interfaces/_interfaces_s.ep.rosidl_typesupport_fastrtps_c.c
[0.384s] -- Up-to-date: /home/roger/Github/rogertests2/m4/Act_IDL/install/interfaces/local/lib/python3.10/dist-packages/interfaces/__init__.py
[0.384s] -- Up-to-date: /home/roger/Github/rogertests2/m4/Act_IDL/install/interfaces/local/lib/python3.10/dist-packages/interfaces/interfaces_s__rosidl_typesupport_c.cpython-310-x86_64-linux-gnu.so
[0.384s] -- Up-to-date: /home/roger/Github/rogertests2/m4/Act_IDL/install/interfaces/local/lib/python3.10/dist-packages/interfaces/libinterfaces__rosidl_generator_py.so
[0.384s] -- Up-to-date: /home/roger/Github/rogertests2/m4/Act_IDL/install/interfaces/local/lib/python3.10/dist-packages/interfaces/_interfaces_s.ep.rosidl_typesupport_c.c
[0.384s] -- Up-to-date: /home/roger/Github/rogertests2/m4/Act_IDL/install/interfaces/local/lib/python3.10/dist-packages/interfaces/interfaces_s__rosidl_typesupport_introspection_c.cpython-310-x86_64-linux-gnu.so
[0.406s] Listing '/home/roger/Github/rogertests2/m4/Act_IDL/install/interfaces/local/lib/python3.10/dist-packages/interfaces'...
[0.406s] Listing '/home/roger/Github/rogertests2/m4/Act_IDL/install/interfaces/local/lib/python3.10/dist-packages/interfaces/srv'...
[0.409s] -- Up-to-date: /home/roger/Github/rogertests2/m4/Act_IDL/install/interfaces/local/lib/python3.10/dist-packages/interfaces/interfaces_s__rosidl_typesupport_fastrtps_c.cpython-310-x86_64-linux-gnu.so
[0.409s] -- Up-to-date: /home/roger/Github/rogertests2/m4/Act_IDL/install/interfaces/local/lib/python3.10/dist-packages/interfaces/interfaces_s__rosidl_typesupport_introspection_c.cpython-310-x86_64-linux-gnu.so
[0.409s] -- Up-to-date: /home/roger/Github/rogertests2/m4/Act_IDL/install/interfaces/local/lib/python3.10/dist-packages/interfaces/interfaces_s__rosidl_typesupport_c.cpython-310-x86_64-linux-gnu.so
[0.410s] -- Up-to-date: /home/roger/Github/rogertests2/m4/Act_IDL/install/interfaces/lib/libinterfaces__rosidl_generator_py.so
[0.410s] -- Up-to-date: /home/roger/Github/rogertests2/m4/Act_IDL/install/interfaces/share/interfaces/srv/AddThreeInts.idl
[0.410s] -- Up-to-date: /home/roger/Github/rogertests2/m4/Act_IDL/install/interfaces/share/interfaces/srv/AddThreeInts.srv
[0.410s] -- Up-to-date: /home/roger/Github/rogertests2/m4/Act_IDL/install/interfaces/share/interfaces/srv/AddThreeInts_Request.msg
[0.410s] -- Up-to-date: /home/roger/Github/rogertests2/m4/Act_IDL/install/interfaces/share/interfaces/srv/AddThreeInts_Response.msg
[0.410s] -- Up-to-date: /home/roger/Github/rogertests2/m4/Act_IDL/install/interfaces/share/ament_index/resource_index/package_run_dependencies/interfaces
[0.411s] -- Up-to-date: /home/roger/Github/rogertests2/m4/Act_IDL/install/interfaces/share/ament_index/resource_index/parent_prefix_path/interfaces
[0.411s] -- Up-to-date: /home/roger/Github/rogertests2/m4/Act_IDL/install/interfaces/share/interfaces/environment/ament_prefix_path.sh
[0.411s] -- Up-to-date: /home/roger/Github/rogertests2/m4/Act_IDL/install/interfaces/share/interfaces/environment/ament_prefix_path.dsv
[0.411s] -- Up-to-date: /home/roger/Github/rogertests2/m4/Act_IDL/install/interfaces/share/interfaces/environment/path.sh
[0.411s] -- Up-to-date: /home/roger/Github/rogertests2/m4/Act_IDL/install/interfaces/share/interfaces/environment/path.dsv
[0.411s] -- Up-to-date: /home/roger/Github/rogertests2/m4/Act_IDL/install/interfaces/share/interfaces/local_setup.bash
[0.411s] -- Up-to-date: /home/roger/Github/rogertests2/m4/Act_IDL/install/interfaces/share/interfaces/local_setup.sh
[0.411s] -- Up-to-date: /home/roger/Github/rogertests2/m4/Act_IDL/install/interfaces/share/interfaces/local_setup.zsh
[0.411s] -- Up-to-date: /home/roger/Github/rogertests2/m4/Act_IDL/install/interfaces/share/interfaces/local_setup.dsv
[0.412s] -- Installing: /home/roger/Github/rogertests2/m4/Act_IDL/install/interfaces/share/interfaces/package.dsv
[0.412s] -- Up-to-date: /home/roger/Github/rogertests2/m4/Act_IDL/install/interfaces/share/ament_index/resource_index/packages/interfaces
[0.412s] -- Up-to-date: /home/roger/Github/rogertests2/m4/Act_IDL/install/interfaces/share/interfaces/cmake/export_interfaces__rosidl_generator_cExport.cmake
[0.412s] -- Up-to-date: /home/roger/Github/rogertests2/m4/Act_IDL/install/interfaces/share/interfaces/cmake/export_interfaces__rosidl_generator_cExport-noconfig.cmake
[0.412s] -- Up-to-date: /home/roger/Github/rogertests2/m4/Act_IDL/install/interfaces/share/interfaces/cmake/export_interfaces__rosidl_typesupport_fastrtps_cExport.cmake
[0.412s] -- Up-to-date: /home/roger/Github/rogertests2/m4/Act_IDL/install/interfaces/share/interfaces/cmake/export_interfaces__rosidl_typesupport_fastrtps_cExport-noconfig.cmake
[0.412s] -- Up-to-date: /home/roger/Github/rogertests2/m4/Act_IDL/install/interfaces/share/interfaces/cmake/interfaces__rosidl_typesupport_introspection_cExport.cmake
[0.412s] -- Up-to-date: /home/roger/Github/rogertests2/m4/Act_IDL/install/interfaces/share/interfaces/cmake/interfaces__rosidl_typesupport_introspection_cExport-noconfig.cmake
[0.412s] -- Up-to-date: /home/roger/Github/rogertests2/m4/Act_IDL/install/interfaces/share/interfaces/cmake/interfaces__rosidl_typesupport_cExport.cmake
[0.412s] -- Up-to-date: /home/roger/Github/rogertests2/m4/Act_IDL/install/interfaces/share/interfaces/cmake/interfaces__rosidl_typesupport_cExport-noconfig.cmake
[0.413s] -- Up-to-date: /home/roger/Github/rogertests2/m4/Act_IDL/install/interfaces/share/interfaces/cmake/export_interfaces__rosidl_generator_cppExport.cmake
[0.413s] -- Up-to-date: /home/roger/Github/rogertests2/m4/Act_IDL/install/interfaces/share/interfaces/cmake/export_interfaces__rosidl_typesupport_fastrtps_cppExport.cmake
[0.414s] -- Up-to-date: /home/roger/Github/rogertests2/m4/Act_IDL/install/interfaces/share/interfaces/cmake/export_interfaces__rosidl_typesupport_fastrtps_cppExport-noconfig.cmake
[0.414s] -- Up-to-date: /home/roger/Github/rogertests2/m4/Act_IDL/install/interfaces/share/interfaces/cmake/interfaces__rosidl_typesupport_introspection_cppExport.cmake
[0.414s] -- Up-to-date: /home/roger/Github/rogertests2/m4/Act_IDL/install/interfaces/share/interfaces/cmake/interfaces__rosidl_typesupport_introspection_cppExport-noconfig.cmake
[0.415s] -- Up-to-date: /home/roger/Github/rogertests2/m4/Act_IDL/install/interfaces/share/interfaces/cmake/interfaces__rosidl_typesupport_cppExport.cmake
[0.415s] -- Up-to-date: /home/roger/Github/rogertests2/m4/Act_IDL/install/interfaces/share/interfaces/cmake/interfaces__rosidl_typesupport_cppExport-noconfig.cmake
[0.415s] -- Up-to-date: /home/roger/Github/rogertests2/m4/Act_IDL/install/interfaces/share/interfaces/cmake/export_interfaces__rosidl_generator_pyExport.cmake
[0.415s] -- Up-to-date: /home/roger/Github/rogertests2/m4/Act_IDL/install/interfaces/share/interfaces/cmake/export_interfaces__rosidl_generator_pyExport-noconfig.cmake
[0.415s] -- Up-to-date: /home/roger/Github/rogertests2/m4/Act_IDL/install/interfaces/share/interfaces/cmake/rosidl_cmake-extras.cmake
[0.416s] -- Up-to-date: /home/roger/Github/rogertests2/m4/Act_IDL/install/interfaces/share/interfaces/cmake/ament_cmake_export_include_directories-extras.cmake
[0.416s] -- Up-to-date: /home/roger/Github/rogertests2/m4/Act_IDL/install/interfaces/share/interfaces/cmake/ament_cmake_export_libraries-extras.cmake
[0.416s] -- Up-to-date: /home/roger/Github/rogertests2/m4/Act_IDL/install/interfaces/share/interfaces/cmake/ament_cmake_export_targets-extras.cmake
[0.416s] -- Up-to-date: /home/roger/Github/rogertests2/m4/Act_IDL/install/interfaces/share/interfaces/cmake/rosidl_cmake_export_typesupport_targets-extras.cmake
[0.417s] -- Up-to-date: /home/roger/Github/rogertests2/m4/Act_IDL/install/interfaces/share/interfaces/cmake/ament_cmake_export_dependencies-extras.cmake
[0.417s] -- Up-to-date: /home/roger/Github/rogertests2/m4/Act_IDL/install/interfaces/share/interfaces/cmake/rosidl_cmake_export_typesupport_libraries-extras.cmake
[0.417s] -- Up-to-date: /home/roger/Github/rogertests2/m4/Act_IDL/install/interfaces/share/interfaces/cmake/interfacesConfig.cmake
[0.417s] -- Up-to-date: /home/roger/Github/rogertests2/m4/Act_IDL/install/interfaces/share/interfaces/cmake/interfacesConfig-version.cmake
[0.417s] -- Up-to-date: /home/roger/Github/rogertests2/m4/Act_IDL/install/interfaces/share/interfaces/package.xml
[0.417s] Invoked command in '/home/roger/Github/rogertests2/m4/Act_IDL/build/interfaces' returned '0': CMAKE_PREFIX_PATH=${CMAKE_PREFIX_PATH}:/home/roger/Github/rogertests2/m4/Act_IDL/install/py_add_three_ints:/opt/ros/humble /usr/bin/cmake --install /home/roger/Github/rogertests2/m4/Act_IDL/build/interfaces
