[35m[1mConsolidate compiler generated dependencies of target cpp_client[0m
[ 50%] Built target cpp_server
[ 75%] [32mBuilding CXX object CMakeFiles/cpp_client.dir/src/add_three_ints_client.cpp.o[0m
[100%] [32m[1mLinking CXX executable cpp_client[0m
[100%] Built target cpp_client
-- Install configuration: ""
-- Installing: /home/roger/Github/rogertests2/m4/Act_IDL/install/cpp_add_three_ints/lib/cpp_add_three_ints/cpp_server
-- Set runtime path of "/home/roger/Github/rogertests2/m4/Act_IDL/install/cpp_add_three_ints/lib/cpp_add_three_ints/cpp_server" to ""
-- Installing: /home/roger/Github/rogertests2/m4/Act_IDL/install/cpp_add_three_ints/lib/cpp_add_three_ints/cpp_client
-- Set runtime path of "/home/roger/Github/rogertests2/m4/Act_IDL/install/cpp_add_three_ints/lib/cpp_add_three_ints/cpp_client" to ""
-- Installing: /home/roger/Github/rogertests2/m4/Act_IDL/install/cpp_add_three_ints/share/ament_index/resource_index/package_run_dependencies/cpp_add_three_ints
-- Installing: /home/roger/Github/rogertests2/m4/Act_IDL/install/cpp_add_three_ints/share/ament_index/resource_index/parent_prefix_path/cpp_add_three_ints
-- Installing: /home/roger/Github/rogertests2/m4/Act_IDL/install/cpp_add_three_ints/share/cpp_add_three_ints/environment/ament_prefix_path.sh
-- Installing: /home/roger/Github/rogertests2/m4/Act_IDL/install/cpp_add_three_ints/share/cpp_add_three_ints/environment/ament_prefix_path.dsv
-- Installing: /home/roger/Github/rogertests2/m4/Act_IDL/install/cpp_add_three_ints/share/cpp_add_three_ints/environment/path.sh
-- Installing: /home/roger/Github/rogertests2/m4/Act_IDL/install/cpp_add_three_ints/share/cpp_add_three_ints/environment/path.dsv
-- Installing: /home/roger/Github/rogertests2/m4/Act_IDL/install/cpp_add_three_ints/share/cpp_add_three_ints/local_setup.bash
-- Installing: /home/roger/Github/rogertests2/m4/Act_IDL/install/cpp_add_three_ints/share/cpp_add_three_ints/local_setup.sh
-- Installing: /home/roger/Github/rogertests2/m4/Act_IDL/install/cpp_add_three_ints/share/cpp_add_three_ints/local_setup.zsh
-- Installing: /home/roger/Github/rogertests2/m4/Act_IDL/install/cpp_add_three_ints/share/cpp_add_three_ints/local_setup.dsv
-- Installing: /home/roger/Github/rogertests2/m4/Act_IDL/install/cpp_add_three_ints/share/cpp_add_three_ints/package.dsv
-- Installing: /home/roger/Github/rogertests2/m4/Act_IDL/install/cpp_add_three_ints/share/ament_index/resource_index/packages/cpp_add_three_ints
-- Installing: /home/roger/Github/rogertests2/m4/Act_IDL/install/cpp_add_three_ints/share/cpp_add_three_ints/cmake/cpp_add_three_intsConfig.cmake
-- Installing: /home/roger/Github/rogertests2/m4/Act_IDL/install/cpp_add_three_ints/share/cpp_add_three_ints/cmake/cpp_add_three_intsConfig-version.cmake
-- Installing: /home/roger/Github/rogertests2/m4/Act_IDL/install/cpp_add_three_ints/share/cpp_add_three_ints/package.xml
