[0.009s] Invoking command in '/home/roger/Github/rogertests2/m4/Act_IDL/build/cpp_add_three_ints': /usr/bin/cmake --build /home/roger/Github/rogertests2/m4/Act_IDL/build/cpp_add_three_ints -- -j12 -l12
[0.055s] [35m[1mConsolidate compiler generated dependencies of target cpp_client[0m
[0.067s] [ 50%] Built target cpp_server
[0.074s] [ 75%] [32mBuilding CXX object CMakeFiles/cpp_client.dir/src/add_three_ints_client.cpp.o[0m
[2.396s] [100%] [32m[1mLinking CXX executable cpp_client[0m
[2.509s] [100%] Built target cpp_client
[2.525s] Invoked command in '/home/roger/Github/rogertests2/m4/Act_IDL/build/cpp_add_three_ints' returned '0': /usr/bin/cmake --build /home/roger/Github/rogertests2/m4/Act_IDL/build/cpp_add_three_ints -- -j12 -l12
[2.528s] Invoking command in '/home/roger/Github/rogertests2/m4/Act_IDL/build/cpp_add_three_ints': /usr/bin/cmake --install /home/roger/Github/rogertests2/m4/Act_IDL/build/cpp_add_three_ints
[2.541s] -- Install configuration: ""
[2.541s] -- Installing: /home/roger/Github/rogertests2/m4/Act_IDL/install/cpp_add_three_ints/lib/cpp_add_three_ints/cpp_server
[2.543s] -- Set runtime path of "/home/roger/Github/rogertests2/m4/Act_IDL/install/cpp_add_three_ints/lib/cpp_add_three_ints/cpp_server" to ""
[2.543s] -- Installing: /home/roger/Github/rogertests2/m4/Act_IDL/install/cpp_add_three_ints/lib/cpp_add_three_ints/cpp_client
[2.544s] -- Set runtime path of "/home/roger/Github/rogertests2/m4/Act_IDL/install/cpp_add_three_ints/lib/cpp_add_three_ints/cpp_client" to ""
[2.544s] -- Installing: /home/roger/Github/rogertests2/m4/Act_IDL/install/cpp_add_three_ints/share/ament_index/resource_index/package_run_dependencies/cpp_add_three_ints
[2.544s] -- Installing: /home/roger/Github/rogertests2/m4/Act_IDL/install/cpp_add_three_ints/share/ament_index/resource_index/parent_prefix_path/cpp_add_three_ints
[2.545s] -- Installing: /home/roger/Github/rogertests2/m4/Act_IDL/install/cpp_add_three_ints/share/cpp_add_three_ints/environment/ament_prefix_path.sh
[2.545s] -- Installing: /home/roger/Github/rogertests2/m4/Act_IDL/install/cpp_add_three_ints/share/cpp_add_three_ints/environment/ament_prefix_path.dsv
[2.545s] -- Installing: /home/roger/Github/rogertests2/m4/Act_IDL/install/cpp_add_three_ints/share/cpp_add_three_ints/environment/path.sh
[2.545s] -- Installing: /home/roger/Github/rogertests2/m4/Act_IDL/install/cpp_add_three_ints/share/cpp_add_three_ints/environment/path.dsv
[2.545s] -- Installing: /home/roger/Github/rogertests2/m4/Act_IDL/install/cpp_add_three_ints/share/cpp_add_three_ints/local_setup.bash
[2.545s] -- Installing: /home/roger/Github/rogertests2/m4/Act_IDL/install/cpp_add_three_ints/share/cpp_add_three_ints/local_setup.sh
[2.545s] -- Installing: /home/roger/Github/rogertests2/m4/Act_IDL/install/cpp_add_three_ints/share/cpp_add_three_ints/local_setup.zsh
[2.546s] -- Installing: /home/roger/Github/rogertests2/m4/Act_IDL/install/cpp_add_three_ints/share/cpp_add_three_ints/local_setup.dsv
[2.546s] -- Installing: /home/roger/Github/rogertests2/m4/Act_IDL/install/cpp_add_three_ints/share/cpp_add_three_ints/package.dsv
[2.546s] -- Installing: /home/roger/Github/rogertests2/m4/Act_IDL/install/cpp_add_three_ints/share/ament_index/resource_index/packages/cpp_add_three_ints
[2.546s] -- Installing: /home/roger/Github/rogertests2/m4/Act_IDL/install/cpp_add_three_ints/share/cpp_add_three_ints/cmake/cpp_add_three_intsConfig.cmake
[2.546s] -- Installing: /home/roger/Github/rogertests2/m4/Act_IDL/install/cpp_add_three_ints/share/cpp_add_three_ints/cmake/cpp_add_three_intsConfig-version.cmake
[2.546s] -- Installing: /home/roger/Github/rogertests2/m4/Act_IDL/install/cpp_add_three_ints/share/cpp_add_three_ints/package.xml
[2.548s] Invoked command in '/home/roger/Github/rogertests2/m4/Act_IDL/build/cpp_add_three_ints' returned '0': /usr/bin/cmake --install /home/roger/Github/rogertests2/m4/Act_IDL/build/cpp_add_three_ints
